
test_cat_feedback.gd
Godot Engine v4.7.1.stable.official.a13da4feb - https://godotengine.org
OpenGL API 3.3.0 NVIDIA 616.92 - Compatibility - Using Device: NVIDIA - NVIDIA GeForce RTX 5060

ERROR: Layer feedback expands actual rendered body
   at: push_error (core/variant/variant_utility.cpp:1023)
   GDScript backtrace (most recent call first):
       [0] check (res://tests/test_cat_feedback.gd:12)
       [1] run (res://tests/test_cat_feedback.gd:62)
       [2] capture (res://tests/test_cat_feedback.gd:29)
ERROR: New fur layer keeps its persistent size gain after pulse (pixel rounding allowed)
   at: push_error (core/variant/variant_utility.cpp:1023)
   GDScript backtrace (most recent call first):
       [0] check (res://tests/test_cat_feedback.gd:12)
       [1] run (res://tests/test_cat_feedback.gd:64)
       [2] capture (res://tests/test_cat_feedback.gd:29)
CAT FEEDBACK: 17 checks, 2 failures
Scene sprite test now synchronizes Room.step(0) after direct model edits, as the actual game does.
test_cat_feedback.gd
Godot Engine v4.7.1.stable.official.a13da4feb - https://godotengine.org
OpenGL API 3.3.0 NVIDIA 616.92 - Compatibility - Using Device: NVIDIA - NVIDIA GeForce RTX 5060

CAT FEEDBACK: 17 checks, 0 failures
test_reaction_007.gd
Godot Engine v4.7.1.stable.official.a13da4feb - https://godotengine.org
OpenGL API 3.3.0 NVIDIA 616.92 - Compatibility - Using Device: NVIDIA - NVIDIA GeForce RTX 5060

REACTION 007: 58 checks, 0 failures
test_hover_008.gd
Godot Engine v4.7.1.stable.official.a13da4feb - https://godotengine.org
OpenGL API 3.3.0 NVIDIA 616.92 - Compatibility - Using Device: NVIDIA - NVIDIA GeForce RTX 5060

HOVER 008: 39 checks, 0 failures
test_idle_009.gd
Godot Engine v4.7.1.stable.official.a13da4feb - https://godotengine.org
OpenGL API 3.3.0 NVIDIA 616.92 - Compatibility - Using Device: NVIDIA - NVIDIA GeForce RTX 5060

IDLE 009: 17 checks, 0 failures; 847 idle, 2665 moving samples
render_demo.gd
Godot Engine v4.7.1.stable.official.a13da4feb - https://godotengine.org
OpenGL API 3.3.0 NVIDIA 616.92 - Compatibility - Using Device: NVIDIA - NVIDIA GeForce RTX 5060

UI CHECKS: 0 failures
test_overlap_ui_924.gd
Godot Engine v4.7.1.stable.official.a13da4feb - https://godotengine.org
OpenGL API 3.3.0 NVIDIA 616.92 - Compatibility - Using Device: NVIDIA - NVIDIA GeForce RTX 5060

OVERLAP UI: 7 checks, 0 failures
test_september23_ui.gd
Godot Engine v4.7.1.stable.official.a13da4feb - https://godotengine.org
OpenGL API 3.3.0 NVIDIA 616.92 - Compatibility - Using Device: NVIDIA - NVIDIA GeForce RTX 5060

SEPTEMBER23 UI: 22 checks, 0 failures
