Godot Engine v4.7.1.stable.official.a13da4feb - https://godotengine.org

[   0% ] [90m[1mfirst_scan_filesystem[22m | Started 项目初始化 (5 steps)[39m[0m
[   0% ] [90m[1mfirst_scan_filesystem[22m | 正在扫描文件结构……[39m[0m
[  16% ] [90m[1mfirst_scan_filesystem[22m | 正在加载全局类名……[39m[0m
[  33% ] [90m[1mfirst_scan_filesystem[22m | 正在校验 GDExtension……[39m[0m
[  50% ] [90m[1mfirst_scan_filesystem[22m | 正在创建自动加载脚本……[39m[0m
[  66% ] [90m[1mfirst_scan_filesystem[22m | 正在初始化插件……[39m[0m
[  83% ] [90m[1mfirst_scan_filesystem[22m | 正在启动文件扫描……[39m[0m
[92m[ DONE ][39m [1mfirst_scan_filesystem[22m
[0m
[   0% ] [90m[1mupdate_scripts_classes[22m | Started 正在注册全局类…… (19 steps)[39m[0m
[   0% ] [90m[1mupdate_scripts_classes[22m | [39m[0m
[   5% ] [90m[1mupdate_scripts_classes[22m | [39m[0m
[  10% ] [90m[1mupdate_scripts_classes[22m | [39m[0m
[  15% ] [90m[1mupdate_scripts_classes[22m | [39m[0m
[  20% ] [90m[1mupdate_scripts_classes[22m | [39m[0m
[  25% ] [90m[1mupdate_scripts_classes[22m | [39m[0m
[  30% ] [90m[1mupdate_scripts_classes[22m | [39m[0m
[  35% ] [90m[1mupdate_scripts_classes[22m | [39m[0m
[  40% ] [90m[1mupdate_scripts_classes[22m | [39m[0m
[  45% ] [90m[1mupdate_scripts_classes[22m | [39m[0m
[  50% ] [90m[1mupdate_scripts_classes[22m | [39m[0m
[  55% ] [90m[1mupdate_scripts_classes[22m | [39m[0m
[  60% ] [90m[1mupdate_scripts_classes[22m | [39m[0m
[  65% ] [90m[1mupdate_scripts_classes[22m | [39m[0m
[  70% ] [90m[1mupdate_scripts_classes[22m | [39m[0m
[  75% ] [90m[1mupdate_scripts_classes[22m | [39m[0m
[  80% ] [90m[1mupdate_scripts_classes[22m | [39m[0m
[  85% ] [90m[1mupdate_scripts_classes[22m | [39m[0m
[  90% ] [90m[1mupdate_scripts_classes[22m | [39m[0m
[92m[ DONE ][39m [1mupdate_scripts_classes[22m
[0m
[   0% ] [90m[1m_update_scan_actions[22m | Started 正在扫描动作…… (32 steps)[39m[0m
[   0% ] [90m[1m_update_scan_actions[22m | 001.png[39m[0m
[   3% ] [90m[1m_update_scan_actions[22m | 002.png[39m[0m
[   6% ] [90m[1m_update_scan_actions[22m | 003.png[39m[0m
[   9% ] [90m[1m_update_scan_actions[22m | 004.png[39m[0m
[  12% ] [90m[1m_update_scan_actions[22m | 005.png[39m[0m
[  15% ] [90m[1m_update_scan_actions[22m | 006.png[39m[0m
[  18% ] [90m[1m_update_scan_actions[22m | 007.png[39m[0m
[  21% ] [90m[1m_update_scan_actions[22m | 008.png[39m[0m
[  24% ] [90m[1m_update_scan_actions[22m | 009.png[39m[0m
[  27% ] [90m[1m_update_scan_actions[22m | 010.png[39m[0m
[  30% ] [90m[1m_update_scan_actions[22m | 011.png[39m[0m
[  33% ] [90m[1m_update_scan_actions[22m | 012.png[39m[0m
[  36% ] [90m[1m_update_scan_actions[22m | 013.png[39m[0m
[  39% ] [90m[1m_update_scan_actions[22m | 014.png[39m[0m
[  42% ] [90m[1m_update_scan_actions[22m | 015.png[39m[0m
[  45% ] [90m[1m_update_scan_actions[22m | 016.png[39m[0m
[  48% ] [90m[1m_update_scan_actions[22m | 017.png[39m[0m
[  51% ] [90m[1m_update_scan_actions[22m | 001.png[39m[0m
[  54% ] [90m[1m_update_scan_actions[22m | 002.png[39m[0m
[  57% ] [90m[1m_update_scan_actions[22m | 003.png[39m[0m
[  60% ] [90m[1m_update_scan_actions[22m | 004.png[39m[0m
[  63% ] [90m[1m_update_scan_actions[22m | 005.png[39m[0m
[  66% ] [90m[1m_update_scan_actions[22m | 006.png[39m[0m
[  69% ] [90m[1m_update_scan_actions[22m | 007.png[39m[0m
[  72% ] [90m[1m_update_scan_actions[22m | 008.png[39m[0m
[  75% ] [90m[1m_update_scan_actions[22m | 009.png[39m[0m
[  78% ] [90m[1m_update_scan_actions[22m | Frame.png[39m[0m
[  81% ] [90m[1m_update_scan_actions[22m | Ground1.png[39m[0m
[  84% ] [90m[1m_update_scan_actions[22m | Ground.jpg[39m[0m
[  87% ] [90m[1m_update_scan_actions[22m | Wall.jpg[39m[0m
[  90% ] [90m[1m_update_scan_actions[22m | Window1.jpg[39m[0m
[  93% ] [90m[1m_update_scan_actions[22m | Window.jpg[39m[0m
[92m[ DONE ][39m [1m_update_scan_actions[22m
[0m
[   0% ] [90m[1mreimport[22m | Started 正在导入或重新导入资产 (32 steps)[39m[0m
[   0% ] [90m[1mreimport[22m | 正在准备重新导入文件……[39m[0m
[   3% ] [90m[1mreimport[22m | 正在准备重新导入文件……[39m[0m
[   6% ] [90m[1mreimport[22m | 正在准备重新导入文件……[39m[0m
[   9% ] [90m[1mreimport[22m | 正在准备重新导入文件……[39m[0m
[  12% ] [90m[1mreimport[22m | 正在准备重新导入文件……[39m[0m
[  15% ] [90m[1mreimport[22m | 正在准备重新导入文件……[39m[0m
[  18% ] [90m[1mreimport[22m | 正在准备重新导入文件……[39m[0m
[  21% ] [90m[1mreimport[22m | 正在准备重新导入文件……[39m[0m
[  24% ] [90m[1mreimport[22m | 正在准备重新导入文件……[39m[0m
[  27% ] [90m[1mreimport[22m | 正在准备重新导入文件……[39m[0m
[  30% ] [90m[1mreimport[22m | 正在准备重新导入文件……[39m[0m
[  33% ] [90m[1mreimport[22m | 正在准备重新导入文件……[39m[0m
[  36% ] [90m[1mreimport[22m | 正在准备重新导入文件……[39m[0m
[  39% ] [90m[1mreimport[22m | 正在准备重新导入文件……[39m[0m
[  42% ] [90m[1mreimport[22m | 正在准备重新导入文件……[39m[0m
[  45% ] [90m[1mreimport[22m | 正在准备重新导入文件……[39m[0m
[  48% ] [90m[1mreimport[22m | 正在准备重新导入文件……[39m[0m
[  51% ] [90m[1mreimport[22m | 正在准备重新导入文件……[39m[0m
[  54% ] [90m[1mreimport[22m | 正在准备重新导入文件……[39m[0m
[  57% ] [90m[1mreimport[22m | 正在准备重新导入文件……[39m[0m
[  60% ] [90m[1mreimport[22m | 正在准备重新导入文件……[39m[0m
[  63% ] [90m[1mreimport[22m | 正在准备重新导入文件……[39m[0m
[  66% ] [90m[1mreimport[22m | 正在准备重新导入文件……[39m[0m
[  69% ] [90m[1mreimport[22m | 正在准备重新导入文件……[39m[0m
[  72% ] [90m[1mreimport[22m | 正在准备重新导入文件……[39m[0m
[  75% ] [90m[1mreimport[22m | 正在准备重新导入文件……[39m[0m
[  78% ] [90m[1mreimport[22m | 正在准备重新导入文件……[39m[0m
[  81% ] [90m[1mreimport[22m | 正在准备重新导入文件……[39m[0m
[  84% ] [90m[1mreimport[22m | 正在准备重新导入文件……[39m[0m
[  87% ] [90m[1mreimport[22m | 正在准备重新导入文件……[39m[0m
[  90% ] [90m[1mreimport[22m | 正在准备重新导入文件……[39m[0m
[  93% ] [90m[1mreimport[22m | 正在准备重新导入文件……[39m[0m
[   0% ] [90m[1mreimport[22m | 正在执行重新导入的前置操作……[39m[0m
[   0% ] [90m[1mreimport[22m | Window.jpg[39m[0m
[   3% ] [90m[1mreimport[22m | Window1.jpg[39m[0m
[   6% ] [90m[1mreimport[22m | Wall.jpg[39m[0m
[   9% ] [90m[1mreimport[22m | Ground.jpg[39m[0m
[  12% ] [90m[1mreimport[22m | Ground1.png[39m[0m
[  15% ] [90m[1mreimport[22m | Frame.png[39m[0m
[  18% ] [90m[1mreimport[22m | 009.png[39m[0m
[  21% ] [90m[1mreimport[22m | 008.png[39m[0m
[  24% ] [90m[1mreimport[22m | 007.png[39m[0m
[  27% ] [90m[1mreimport[22m | 006.png[39m[0m
[  30% ] [90m[1mreimport[22m | 005.png[39m[0m
[  33% ] [90m[1mreimport[22m | 004.png[39m[0m
[  36% ] [90m[1mreimport[22m | 003.png[39m[0m
[  39% ] [90m[1mreimport[22m | 002.png[39m[0m
[  42% ] [90m[1mreimport[22m | 001.png[39m[0m
[  45% ] [90m[1mreimport[22m | 017.png[39m[0m
[  48% ] [90m[1mreimport[22m | 016.png[39m[0m
[  51% ] [90m[1mreimport[22m | 015.png[39m[0m
[  54% ] [90m[1mreimport[22m | 014.png[39m[0m
[  57% ] [90m[1mreimport[22m | 013.png[39m[0m
[  60% ] [90m[1mreimport[22m | 012.png[39m[0m
[  63% ] [90m[1mreimport[22m | 011.png[39m[0m
[  66% ] [90m[1mreimport[22m | 010.png[39m[0m
[  69% ] [90m[1mreimport[22m | 009.png[39m[0m
[  72% ] [90m[1mreimport[22m | 008.png[39m[0m
[  75% ] [90m[1mreimport[22m | 007.png[39m[0m
[  78% ] [90m[1mreimport[22m | 006.png[39m[0m
[  81% ] [90m[1mreimport[22m | 005.png[39m[0m
[  84% ] [90m[1mreimport[22m | 004.png[39m[0m
[  87% ] [90m[1mreimport[22m | 003.png[39m[0m
[  90% ] [90m[1mreimport[22m | 002.png[39m[0m
[  93% ] [90m[1mreimport[22m | 001.png[39m[0m
[  96% ] [90m[1mreimport[22m | 正在结束资产导入……[39m[0m
[92m[ DONE ][39m [1mreimport[22m
[0m
[   0% ] [90m[1mreimport[22m | Started 正在导入或重新导入资产 (32 steps)[39m[0m
[   0% ] [90m[1mreimport[22m | 正在执行重新导入的后置操作……[39m[0m
[92m[ DONE ][39m [1mreimport[22m
[0m
[   0% ] [90m[1mloading_editor_layout[22m | Started 正在加载编辑器 (5 steps)[39m[0m
[   0% ] [90m[1mloading_editor_layout[22m | 正在加载编辑器布局……[39m[0m
[  16% ] [90m[1mloading_editor_layout[22m | 正在加载停靠面板……[39m[0m
[  33% ] [90m[1mloading_editor_layout[22m | 正在重新打开场景……[39m[0m
[  50% ] [90m[1mloading_editor_layout[22m | 正在加载中央编辑器布局……[39m[0m
[  66% ] [90m[1mloading_editor_layout[22m | 正在加载插件窗口布局……[39m[0m
[  83% ] [90m[1mloading_editor_layout[22m | 编辑器布局就绪。[39m[0m
[92m[ DONE ][39m [1mloading_editor_layout[22m
[0m
