
test_3d_scene.gd
Godot Engine v4.7.1.stable.official.a13da4feb - https://godotengine.org
OpenGL API 3.3.0 NVIDIA 616.92 - Compatibility - Using Device: NVIDIA - NVIDIA GeForce RTX 5060

ERROR: Exactly four room planes
   at: push_error (core/variant/variant_utility.cpp:1023)
   GDScript backtrace (most recent call first):
       [0] check (res://tests/test_3d_scene.gd:9)
       [1] run (res://tests/test_3d_scene.gd:64)
3D SCENE: 54 checks, 1 failures
ERROR: Pages in use exist at exit in PagedAllocator: N20RasterizerSceneGLES323GeometryInstanceSurfaceE
   at: ~PagedAllocator (./core/templates/paged_allocator.h:170)
ERROR: Pages in use exist at exit in PagedAllocator: N20RasterizerSceneGLES321GeometryInstanceGLES3E
   at: ~PagedAllocator (./core/templates/paged_allocator.h:170)
WARNING: Leaked instance dependency: Bug - did not call instance_notify_deleted when freeing.
   at: ~Dependency (servers/rendering/storage/utilities.cpp:56)
WARNING: Leaked instance dependency: Bug - did not call instance_notify_deleted when freeing.
   at: ~Dependency (servers/rendering/storage/utilities.cpp:56)
WARNING: Leaked instance dependency: Bug - did not call instance_notify_deleted when freeing.
   at: ~Dependency (servers/rendering/storage/utilities.cpp:56)
WARNING: Leaked instance dependency: Bug - did not call instance_notify_deleted when freeing.
   at: ~Dependency (servers/rendering/storage/utilities.cpp:56)
WARNING: Leaked instance dependency: Bug - did not call instance_notify_deleted when freeing.
   at: ~Dependency (servers/rendering/storage/utilities.cpp:56)
ERROR: 4 shaders of type SceneShaderGLES3 were never freed
   at: ~ShaderGLES3 (drivers/gles3/shader_gles3.cpp:838)
WARNING: Leaked instance dependency: Bug - did not call instance_notify_deleted when freeing.
   at: ~Dependency (servers/rendering/storage/utilities.cpp:56)
WARNING: Leaked instance dependency: Bug - did not call instance_notify_deleted when freeing.
   at: ~Dependency (servers/rendering/storage/utilities.cpp:56)
WARNING: Leaked instance dependency: Bug - did not call instance_notify_deleted when freeing.
   at: ~Dependency (servers/rendering/storage/utilities.cpp:56)
WARNING: Leaked instance dependency: Bug - did not call instance_notify_deleted when freeing.
   at: ~Dependency (servers/rendering/storage/utilities.cpp:56)
WARNING: Leaked instance dependency: Bug - did not call instance_notify_deleted when freeing.
   at: ~Dependency (servers/rendering/storage/utilities.cpp:56)
ERROR: Texture with GL ID of 222: leaked 16777215 bytes.
   at: ~Utilities (drivers/gles3/storage/utilities.cpp:82)
ERROR: Texture with GL ID of 226: leaked 6289053 bytes.
   at: ~Utilities (drivers/gles3/storage/utilities.cpp:82)
ERROR: Texture with GL ID of 227: leaked 4227030 bytes.
   at: ~Utilities (drivers/gles3/storage/utilities.cpp:82)
ERROR: Texture with GL ID of 228: leaked 2342433 bytes.
   at: ~Utilities (drivers/gles3/storage/utilities.cpp:82)
ERROR: Texture with GL ID of 229: leaked 8384072 bytes.
   at: ~Utilities (drivers/gles3/storage/utilities.cpp:82)
ERROR: Buffer with GL ID of 31: leaked 80 bytes.
   at: ~Utilities (drivers/gles3/storage/utilities.cpp:113)
ERROR: Buffer with GL ID of 32: leaked 32 bytes.
   at: ~Utilities (drivers/gles3/storage/utilities.cpp:113)
ERROR: Buffer with GL ID of 33: leaked 12 bytes.
   at: ~Utilities (drivers/gles3/storage/utilities.cpp:113)
ERROR: Buffer with GL ID of 34: leaked 80 bytes.
   at: ~Utilities (drivers/gles3/storage/utilities.cpp:113)
ERROR: Buffer with GL ID of 35: leaked 32 bytes.
   at: ~Utilities (drivers/gles3/storage/utilities.cpp:113)
ERROR: Buffer with GL ID of 36: leaked 12 bytes.
   at: ~Utilities (drivers/gles3/storage/utilities.cpp:113)
ERROR: Buffer with GL ID of 37: leaked 80 bytes.
   at: ~Utilities (drivers/gles3/storage/utilities.cpp:113)
ERROR: Buffer with GL ID of 38: leaked 32 bytes.
   at: ~Utilities (drivers/gles3/storage/utilities.cpp:113)
ERROR: Buffer with GL ID of 39: leaked 12 bytes.
   at: ~Utilities (drivers/gles3/storage/utilities.cpp:113)
ERROR: Buffer with GL ID of 40: leaked 80 bytes.
   at: ~Utilities (drivers/gles3/storage/utilities.cpp:113)
ERROR: Buffer with GL ID of 41: leaked 32 bytes.
   at: ~Utilities (drivers/gles3/storage/utilities.cpp:113)
ERROR: Buffer with GL ID of 42: leaked 12 bytes.
   at: ~Utilities (drivers/gles3/storage/utilities.cpp:113)
WARNING: 32 ObjectDB instances were leaked at exit (run with `--verbose` for details).
   at: cleanup (core/object/object.cpp:2536)
ERROR: 19 resources still in use at exit (run with --verbose for details).
   at: clear (core/io/resource.cpp:822)
ERROR: 1 RID allocations of type 'N26RendererEnvironmentStorage11EnvironmentE' were leaked at exit.
ERROR: 1 RID allocations of type 'N5GLES313LightInstanceE' were leaked at exit.
ERROR: 1 RID allocations of type 'N5GLES35LightE' were leaked at exit.
ERROR: 4 RID allocations of type 'N5GLES34MeshE' were leaked at exit.
ERROR: 5 RID allocations of type 'N5GLES38MaterialE' were leaked at exit.
ERROR: 4 RID allocations of type 'N5GLES36ShaderE' were leaked at exit.
ERROR: 5 RID allocations of type 'N5GLES37TextureE' were leaked at exit.
ERROR: 9 RID allocations of type 'N17RendererSceneCull8InstanceE' were leaked at exit.
ERROR: 1 RID allocations of type 'N17RendererSceneCull6CameraE' were leaked at exit.
