Godot Engine v4.7.1.stable.official.a13da4feb - https://godotengine.org
OpenGL API 3.3.0 NVIDIA 617.42 - Compatibility - Using Device: NVIDIA - NVIDIA GeForce RTX 5060

ERROR: Menu pauses model
   at: push_error (core/variant/variant_utility.cpp:1023)
   GDScript backtrace (most recent call first):
       [0] check (res://tests/test_prototype_ui_20261009.gd:9)
       [1] load_by_menu (res://tests/test_prototype_ui_20261009.gd:32)
ERROR: Mouse stage selection 1
   at: push_error (core/variant/variant_utility.cpp:1023)
   GDScript backtrace (most recent call first):
       [0] check (res://tests/test_prototype_ui_20261009.gd:9)
       [1] load_by_menu (res://tests/test_prototype_ui_20261009.gd:34)
       [2] press (res://tests/test_prototype_ui_20261009.gd:28)
ERROR: S02 both real tool purchases
   at: push_error (core/variant/variant_utility.cpp:1023)
   GDScript backtrace (most recent call first):
       [0] check (res://tests/test_prototype_ui_20261009.gd:9)
       [1] run (res://tests/test_prototype_ui_20261009.gd:66)
       [2] press (res://tests/test_prototype_ui_20261009.gd:28)
ERROR: S02 real motion harvest and chain
   at: push_error (core/variant/variant_utility.cpp:1023)
   GDScript backtrace (most recent call first):
       [0] check (res://tests/test_prototype_ui_20261009.gd:9)
       [1] run (res://tests/test_prototype_ui_20261009.gd:69)
       [2] press (res://tests/test_prototype_ui_20261009.gd:28)
ERROR: Menu pauses model
   at: push_error (core/variant/variant_utility.cpp:1023)
   GDScript backtrace (most recent call first):
       [0] check (res://tests/test_prototype_ui_20261009.gd:9)
       [1] load_by_menu (res://tests/test_prototype_ui_20261009.gd:32)
ERROR: Mouse stage selection 2
   at: push_error (core/variant/variant_utility.cpp:1023)
   GDScript backtrace (most recent call first):
       [0] check (res://tests/test_prototype_ui_20261009.gd:9)
       [1] load_by_menu (res://tests/test_prototype_ui_20261009.gd:34)
       [2] press (res://tests/test_prototype_ui_20261009.gd:28)
ERROR: S03 sixth king click burst
   at: push_error (core/variant/variant_utility.cpp:1023)
   GDScript backtrace (most recent call first):
       [0] check (res://tests/test_prototype_ui_20261009.gd:9)
       [1] run (res://tests/test_prototype_ui_20261009.gd:75)
       [2] load_by_menu (res://tests/test_prototype_ui_20261009.gd:35)
       [3] draw_wait (res://tests/test_prototype_ui_20261009.gd:19)
ERROR: Menu pauses model
   at: push_error (core/variant/variant_utility.cpp:1023)
   GDScript backtrace (most recent call first):
       [0] check (res://tests/test_prototype_ui_20261009.gd:9)
       [1] load_by_menu (res://tests/test_prototype_ui_20261009.gd:32)
ERROR: Mouse stage selection 3
   at: push_error (core/variant/variant_utility.cpp:1023)
   GDScript backtrace (most recent call first):
       [0] check (res://tests/test_prototype_ui_20261009.gd:9)
       [1] load_by_menu (res://tests/test_prototype_ui_20261009.gd:34)
       [2] press (res://tests/test_prototype_ui_20261009.gd:28)
SCRIPT ERROR: Invalid access to property or key 'buy_buff' on a base object of type 'Dictionary'.
   at: press (res://tests/test_prototype_ui_20261009.gd:24)
   GDScript backtrace (most recent call first):
       [0] press (res://tests/test_prototype_ui_20261009.gd:24)
       [1] run (res://tests/test_prototype_ui_20261009.gd:78)
       [2] load_by_menu (res://tests/test_prototype_ui_20261009.gd:35)
       [3] draw_wait (res://tests/test_prototype_ui_20261009.gd:19)
SCRIPT ERROR: Invalid access to property or key 'buff_assign' on a base object of type 'Dictionary'.
   at: press (res://tests/test_prototype_ui_20261009.gd:24)
   GDScript backtrace (most recent call first):
       [0] press (res://tests/test_prototype_ui_20261009.gd:24)
       [1] run (res://tests/test_prototype_ui_20261009.gd:78)
       [2] load_by_menu (res://tests/test_prototype_ui_20261009.gd:35)
       [3] draw_wait (res://tests/test_prototype_ui_20261009.gd:19)
SCRIPT ERROR: Invalid access to property or key 'buy_decor' on a base object of type 'Dictionary'.
   at: press (res://tests/test_prototype_ui_20261009.gd:24)
   GDScript backtrace (most recent call first):
       [0] press (res://tests/test_prototype_ui_20261009.gd:24)
       [1] run (res://tests/test_prototype_ui_20261009.gd:78)
       [2] load_by_menu (res://tests/test_prototype_ui_20261009.gd:35)
       [3] draw_wait (res://tests/test_prototype_ui_20261009.gd:19)
ERROR: S04 actual purchases and assignment
   at: push_error (core/variant/variant_utility.cpp:1023)
   GDScript backtrace (most recent call first):
       [0] check (res://tests/test_prototype_ui_20261009.gd:9)
       [1] run (res://tests/test_prototype_ui_20261009.gd:79)
       [2] load_by_menu (res://tests/test_prototype_ui_20261009.gd:35)
       [3] draw_wait (res://tests/test_prototype_ui_20261009.gd:19)
SCRIPT ERROR: Invalid access of index '1' on a base object of type: 'Array'.
   at: run (res://tests/test_prototype_ui_20261009.gd:80)
   GDScript backtrace (most recent call first):
       [0] run (res://tests/test_prototype_ui_20261009.gd:80)
       [1] load_by_menu (res://tests/test_prototype_ui_20261009.gd:35)
       [2] draw_wait (res://tests/test_prototype_ui_20261009.gd:19)
