Godot Engine v4.7.1.stable.official.a13da4feb - https://godotengine.org

[   0% ] [90m[1mfirst_scan_filesystem[22m | Started 项目初始化 (5 steps)[39m[0m
[   0% ] [90m[1mfirst_scan_filesystem[22m | 正在扫描文件结构……[39m[0m
[  16% ] [90m[1mfirst_scan_filesystem[22m | 正在加载全局类名……[39m[0m
[  33% ] [90m[1mfirst_scan_filesystem[22m | 正在校验 GDExtension……[39m[0m
[  50% ] [90m[1mfirst_scan_filesystem[22m | 正在创建自动加载脚本……[39m[0m
[  66% ] [90m[1mfirst_scan_filesystem[22m | 正在初始化插件……[39m[0m
[  83% ] [90m[1mfirst_scan_filesystem[22m | 正在启动文件扫描……[39m[0m
[92m[ DONE ][39m [1mfirst_scan_filesystem[22m
[0m
[   0% ] [90m[1mupdate_scripts_classes[22m | Started 正在注册全局类…… (8 steps)[39m[0m
[   0% ] [90m[1mupdate_scripts_classes[22m | [39m[0m
[  11% ] [90m[1mupdate_scripts_classes[22m | [39m[0m
[  22% ] [90m[1mupdate_scripts_classes[22m | [39m[0m
[  33% ] [90m[1mupdate_scripts_classes[22m | [39m[0m
[  44% ] [90m[1mupdate_scripts_classes[22m | [39m[0m
[  55% ] [90m[1mupdate_scripts_classes[22m | [39m[0m
[  66% ] [90m[1mupdate_scripts_classes[22m | [39m[0m
[  77% ] [90m[1mupdate_scripts_classes[22m | [39m[0m
[92m[ DONE ][39m [1mupdate_scripts_classes[22m
[0m
[   0% ] [90m[1m_update_scan_actions[22m | Started 正在扫描动作…… (18 steps)[39m[0m
[   0% ] [90m[1m_update_scan_actions[22m | 三花猫 1-上方 · 前进.png[39m[0m
[   5% ] [90m[1m_update_scan_actions[22m | 三花猫 1-上方 · 待机.png[39m[0m
[  10% ] [90m[1m_update_scan_actions[22m | 三花猫 1-下方 · 前进.png[39m[0m
[  15% ] [90m[1m_update_scan_actions[22m | 三花猫 1-下方 · 待机.png[39m[0m
[  21% ] [90m[1m_update_scan_actions[22m | 三花猫 1-侧面 · 产毛.png[39m[0m
[  26% ] [90m[1m_update_scan_actions[22m | 三花猫 1-侧面 · 前进.png[39m[0m
[  31% ] [90m[1m_update_scan_actions[22m | 三花猫 1-侧面 · 坐下舔爪.png[39m[0m
[  36% ] [90m[1m_update_scan_actions[22m | 三花猫 1-侧面 · 待机.png[39m[0m
[  42% ] [90m[1m_update_scan_actions[22m | 三花猫 1-侧面 · 被抚摸.png[39m[0m
[  47% ] [90m[1m_update_scan_actions[22m | 三花猫 1-上方 · 前进.png[39m[0m
[  52% ] [90m[1m_update_scan_actions[22m | 三花猫 1-上方 · 待机.png[39m[0m
[  57% ] [90m[1m_update_scan_actions[22m | 三花猫 1-下方 · 前进.png[39m[0m
[  63% ] [90m[1m_update_scan_actions[22m | 三花猫 1-下方 · 待机.png[39m[0m
[  68% ] [90m[1m_update_scan_actions[22m | 三花猫 1-侧面 · 产毛.png[39m[0m
[  73% ] [90m[1m_update_scan_actions[22m | 三花猫 1-侧面 · 前进.png[39m[0m
[  78% ] [90m[1m_update_scan_actions[22m | 三花猫 1-侧面 · 坐下舔爪.png[39m[0m
[  84% ] [90m[1m_update_scan_actions[22m | 三花猫 1-侧面 · 待机.png[39m[0m
[  89% ] [90m[1m_update_scan_actions[22m | 三花猫 1-侧面 · 被抚摸.png[39m[0m
[92m[ DONE ][39m [1m_update_scan_actions[22m
[0m
[   0% ] [90m[1mreimport[22m | Started 正在导入或重新导入资产 (18 steps)[39m[0m
[   0% ] [90m[1mreimport[22m | 正在准备重新导入文件……[39m[0m
[   5% ] [90m[1mreimport[22m | 正在准备重新导入文件……[39m[0m
[  10% ] [90m[1mreimport[22m | 正在准备重新导入文件……[39m[0m
[  15% ] [90m[1mreimport[22m | 正在准备重新导入文件……[39m[0m
[  21% ] [90m[1mreimport[22m | 正在准备重新导入文件……[39m[0m
[  26% ] [90m[1mreimport[22m | 正在准备重新导入文件……[39m[0m
[  31% ] [90m[1mreimport[22m | 正在准备重新导入文件……[39m[0m
[  36% ] [90m[1mreimport[22m | 正在准备重新导入文件……[39m[0m
[  42% ] [90m[1mreimport[22m | 正在准备重新导入文件……[39m[0m
[  47% ] [90m[1mreimport[22m | 正在准备重新导入文件……[39m[0m
[  52% ] [90m[1mreimport[22m | 正在准备重新导入文件……[39m[0m
[  57% ] [90m[1mreimport[22m | 正在准备重新导入文件……[39m[0m
[  63% ] [90m[1mreimport[22m | 正在准备重新导入文件……[39m[0m
[  68% ] [90m[1mreimport[22m | 正在准备重新导入文件……[39m[0m
[  73% ] [90m[1mreimport[22m | 正在准备重新导入文件……[39m[0m
[  78% ] [90m[1mreimport[22m | 正在准备重新导入文件……[39m[0m
[  84% ] [90m[1mreimport[22m | 正在准备重新导入文件……[39m[0m
[  89% ] [90m[1mreimport[22m | 正在准备重新导入文件……[39m[0m
[   0% ] [90m[1mreimport[22m | 正在执行重新导入的前置操作……[39m[0m
[   0% ] [90m[1mreimport[22m | 三花猫 1-侧面 · 被抚摸.png[39m[0m
[   5% ] [90m[1mreimport[22m | 三花猫 1-侧面 · 待机.png[39m[0m
[  10% ] [90m[1mreimport[22m | 三花猫 1-侧面 · 坐下舔爪.png[39m[0m
[  15% ] [90m[1mreimport[22m | 三花猫 1-侧面 · 前进.png[39m[0m
[  21% ] [90m[1mreimport[22m | 三花猫 1-侧面 · 产毛.png[39m[0m
[  26% ] [90m[1mreimport[22m | 三花猫 1-下方 · 待机.png[39m[0m
[  31% ] [90m[1mreimport[22m | 三花猫 1-下方 · 前进.png[39m[0m
[  36% ] [90m[1mreimport[22m | 三花猫 1-上方 · 待机.png[39m[0m
[  42% ] [90m[1mreimport[22m | 三花猫 1-上方 · 前进.png[39m[0m
[  47% ] [90m[1mreimport[22m | 三花猫 1-侧面 · 被抚摸.png[39m[0m
[  52% ] [90m[1mreimport[22m | 三花猫 1-侧面 · 待机.png[39m[0m
[  57% ] [90m[1mreimport[22m | 三花猫 1-侧面 · 坐下舔爪.png[39m[0m
[  63% ] [90m[1mreimport[22m | 三花猫 1-侧面 · 前进.png[39m[0m
[  68% ] [90m[1mreimport[22m | 三花猫 1-侧面 · 产毛.png[39m[0m
[  73% ] [90m[1mreimport[22m | 三花猫 1-下方 · 待机.png[39m[0m
[  78% ] [90m[1mreimport[22m | 三花猫 1-下方 · 前进.png[39m[0m
[  84% ] [90m[1mreimport[22m | 三花猫 1-上方 · 待机.png[39m[0m
[  89% ] [90m[1mreimport[22m | 三花猫 1-上方 · 前进.png[39m[0m
[  94% ] [90m[1mreimport[22m | 正在结束资产导入……[39m[0m
[92m[ DONE ][39m [1mreimport[22m
[0m
[   0% ] [90m[1mreimport[22m | Started 正在导入或重新导入资产 (18 steps)[39m[0m
[   0% ] [90m[1mreimport[22m | 正在执行重新导入的后置操作……[39m[0m
[92m[ DONE ][39m [1mreimport[22m
[0m
[   0% ] [90m[1mloading_editor_layout[22m | Started 正在加载编辑器 (5 steps)[39m[0m
[   0% ] [90m[1mloading_editor_layout[22m | 正在加载编辑器布局……[39m[0m
[  16% ] [90m[1mloading_editor_layout[22m | 正在加载停靠面板……[39m[0m
[  33% ] [90m[1mloading_editor_layout[22m | 正在重新打开场景……[39m[0m
[  50% ] [90m[1mloading_editor_layout[22m | 正在加载中央编辑器布局……[39m[0m
[  66% ] [90m[1mloading_editor_layout[22m | 正在加载插件窗口布局……[39m[0m
[  83% ] [90m[1mloading_editor_layout[22m | 编辑器布局就绪。[39m[0m
[92m[ DONE ][39m [1mloading_editor_layout[22m
[0m
