Godot Engine v4.7.1.stable.official.a13da4feb - https://godotengine.org

[   0% ] [90m[1mfirst_scan_filesystem[22m | Started 项目初始化 (5 steps)[39m[0m
[   0% ] [90m[1mfirst_scan_filesystem[22m | 正在扫描文件结构……[39m[0m
[  16% ] [90m[1mfirst_scan_filesystem[22m | 正在加载全局类名……[39m[0m
[  33% ] [90m[1mfirst_scan_filesystem[22m | 正在校验 GDExtension……[39m[0m
[  50% ] [90m[1mfirst_scan_filesystem[22m | 正在创建自动加载脚本……[39m[0m
[  66% ] [90m[1mfirst_scan_filesystem[22m | 正在初始化插件……[39m[0m
[  83% ] [90m[1mfirst_scan_filesystem[22m | 正在启动文件扫描……[39m[0m
[92m[ DONE ][39m [1mfirst_scan_filesystem[22m
[0m
[   0% ] [90m[1mupdate_scripts_classes[22m | Started 正在注册全局类…… (37 steps)[39m[0m
[   0% ] [90m[1mupdate_scripts_classes[22m | [39m[0m
[   2% ] [90m[1mupdate_scripts_classes[22m | [39m[0m
[   5% ] [90m[1mupdate_scripts_classes[22m | [39m[0m
[   7% ] [90m[1mupdate_scripts_classes[22m | [39m[0m
[  10% ] [90m[1mupdate_scripts_classes[22m | [39m[0m
[  13% ] [90m[1mupdate_scripts_classes[22m | [39m[0m
[  15% ] [90m[1mupdate_scripts_classes[22m | [39m[0m
[  18% ] [90m[1mupdate_scripts_classes[22m | [39m[0m
[  21% ] [90m[1mupdate_scripts_classes[22m | [39m[0m
[  23% ] [90m[1mupdate_scripts_classes[22m | [39m[0m
[  26% ] [90m[1mupdate_scripts_classes[22m | [39m[0m
[  28% ] [90m[1mupdate_scripts_classes[22m | [39m[0m
[  31% ] [90m[1mupdate_scripts_classes[22m | [39m[0m
[  34% ] [90m[1mupdate_scripts_classes[22m | [39m[0m
[  36% ] [90m[1mupdate_scripts_classes[22m | [39m[0m
[  39% ] [90m[1mupdate_scripts_classes[22m | [39m[0m
[  42% ] [90m[1mupdate_scripts_classes[22m | [39m[0m
[  44% ] [90m[1mupdate_scripts_classes[22m | [39m[0m
[  47% ] [90m[1mupdate_scripts_classes[22m | [39m[0m
[  50% ] [90m[1mupdate_scripts_classes[22m | [39m[0m
[  52% ] [90m[1mupdate_scripts_classes[22m | [39m[0m
[  55% ] [90m[1mupdate_scripts_classes[22m | [39m[0m
[  57% ] [90m[1mupdate_scripts_classes[22m | [39m[0m
[  60% ] [90m[1mupdate_scripts_classes[22m | [39m[0m
[  63% ] [90m[1mupdate_scripts_classes[22m | [39m[0m
[  65% ] [90m[1mupdate_scripts_classes[22m | [39m[0m
[  68% ] [90m[1mupdate_scripts_classes[22m | [39m[0m
[  71% ] [90m[1mupdate_scripts_classes[22m | [39m[0m
[  73% ] [90m[1mupdate_scripts_classes[22m | [39m[0m
[  76% ] [90m[1mupdate_scripts_classes[22m | [39m[0m
[  78% ] [90m[1mupdate_scripts_classes[22m | [39m[0m
[  81% ] [90m[1mupdate_scripts_classes[22m | [39m[0m
[  84% ] [90m[1mupdate_scripts_classes[22m | [39m[0m
[  86% ] [90m[1mupdate_scripts_classes[22m | [39m[0m
[  89% ] [90m[1mupdate_scripts_classes[22m | [39m[0m
[  92% ] [90m[1mupdate_scripts_classes[22m | [39m[0m
[  94% ] [90m[1mupdate_scripts_classes[22m | [39m[0m
[92m[ DONE ][39m [1mupdate_scripts_classes[22m
[0m
[   0% ] [90m[1m_update_scan_actions[22m | Started 正在扫描动作…… (256 steps)[39m[0m
[   0% ] [90m[1m_update_scan_actions[22m | 001.png[39m[0m
[   0% ] [90m[1m_update_scan_actions[22m | 002.png[39m[0m
[   0% ] [90m[1m_update_scan_actions[22m | 003.png[39m[0m
[   1% ] [90m[1m_update_scan_actions[22m | 004.png[39m[0m
[   1% ] [90m[1m_update_scan_actions[22m | 005.png[39m[0m
[   1% ] [90m[1m_update_scan_actions[22m | 006.png[39m[0m
[   2% ] [90m[1m_update_scan_actions[22m | 007.png[39m[0m
[   2% ] [90m[1m_update_scan_actions[22m | 008.png[39m[0m
[   3% ] [90m[1m_update_scan_actions[22m | 009.png[39m[0m
[   3% ] [90m[1m_update_scan_actions[22m | 010.png[39m[0m
[   3% ] [90m[1m_update_scan_actions[22m | 011.png[39m[0m
[   4% ] [90m[1m_update_scan_actions[22m | 012.png[39m[0m
[   4% ] [90m[1m_update_scan_actions[22m | 013.png[39m[0m
[   5% ] [90m[1m_update_scan_actions[22m | 014.png[39m[0m
[   5% ] [90m[1m_update_scan_actions[22m | 015.png[39m[0m
[   5% ] [90m[1m_update_scan_actions[22m | 016.png[39m[0m
[   6% ] [90m[1m_update_scan_actions[22m | 017.png[39m[0m
[   6% ] [90m[1m_update_scan_actions[22m | 018.png[39m[0m
[   7% ] [90m[1m_update_scan_actions[22m | 019.png[39m[0m
[   7% ] [90m[1m_update_scan_actions[22m | 020.png[39m[0m
[   7% ] [90m[1m_update_scan_actions[22m | 三花猫 1-侧面 · 产毛.png[39m[0m
[   8% ] [90m[1m_update_scan_actions[22m | 三花猫 1-侧面 · 待机.png[39m[0m
[   8% ] [90m[1m_update_scan_actions[22m | 三花猫 1-侧面 · 被抚摸.png[39m[0m
[   8% ] [90m[1m_update_scan_actions[22m | 三花猫 1-上方 · 前进.png[39m[0m
[   9% ] [90m[1m_update_scan_actions[22m | 三花猫 1-上方 · 待机.png[39m[0m
[   9% ] [90m[1m_update_scan_actions[22m | 三花猫 1-下方 · 前进.png[39m[0m
[  10% ] [90m[1m_update_scan_actions[22m | 三花猫 1-下方 · 待机.png[39m[0m
[  10% ] [90m[1m_update_scan_actions[22m | 三花猫 1-侧面 · 产毛.png[39m[0m
[  10% ] [90m[1m_update_scan_actions[22m | 三花猫 1-侧面 · 前进.png[39m[0m
[  11% ] [90m[1m_update_scan_actions[22m | 三花猫 1-侧面 · 坐下舔爪.png[39m[0m
[  11% ] [90m[1m_update_scan_actions[22m | 三花猫 1-侧面 · 待机.png[39m[0m
[  12% ] [90m[1m_update_scan_actions[22m | 三花猫 1-侧面 · 被抚摸.png[39m[0m
[  12% ] [90m[1m_update_scan_actions[22m | 三花猫 1-上方 · 前进.png[39m[0m
[  12% ] [90m[1m_update_scan_actions[22m | 三花猫 1-上方 · 待机.png[39m[0m
[  13% ] [90m[1m_update_scan_actions[22m | 三花猫 1-下方 · 前进.png[39m[0m
[  13% ] [90m[1m_update_scan_actions[22m | 三花猫 1-下方 · 待机.png[39m[0m
[  14% ] [90m[1m_update_scan_actions[22m | 三花猫 1-侧面 · 产毛.png[39m[0m
[  14% ] [90m[1m_update_scan_actions[22m | 三花猫 1-侧面 · 前进.png[39m[0m
[  14% ] [90m[1m_update_scan_actions[22m | 三花猫 1-侧面 · 坐下舔爪.png[39m[0m
[  15% ] [90m[1m_update_scan_actions[22m | 三花猫 1-侧面 · 待机.png[39m[0m
[  15% ] [90m[1m_update_scan_actions[22m | 三花猫 1-侧面 · 被抚摸.png[39m[0m
[  15% ] [90m[1m_update_scan_actions[22m | 三花猫 1-上方 · 前进.png[39m[0m
[  16% ] [90m[1m_update_scan_actions[22m | 三花猫 1-上方 · 待机.png[39m[0m
[  16% ] [90m[1m_update_scan_actions[22m | 三花猫 1-下方 · 前进.png[39m[0m
[  17% ] [90m[1m_update_scan_actions[22m | 三花猫 1-下方 · 待机.png[39m[0m
[  17% ] [90m[1m_update_scan_actions[22m | 三花猫 1-侧面 · 产毛.png[39m[0m
[  17% ] [90m[1m_update_scan_actions[22m | 三花猫 1-侧面 · 前进.png[39m[0m
[  18% ] [90m[1m_update_scan_actions[22m | 三花猫 1-侧面 · 坐下舔爪.png[39m[0m
[  18% ] [90m[1m_update_scan_actions[22m | 三花猫 1-侧面 · 待机.png[39m[0m
[  19% ] [90m[1m_update_scan_actions[22m | 三花猫 1-侧面 · 被抚摸.png[39m[0m
[  19% ] [90m[1m_update_scan_actions[22m | 001.png[39m[0m
[  19% ] [90m[1m_update_scan_actions[22m | 002.png[39m[0m
[  20% ] [90m[1m_update_scan_actions[22m | 003.png[39m[0m
[  20% ] [90m[1m_update_scan_actions[22m | 004.png[39m[0m
[  21% ] [90m[1m_update_scan_actions[22m | 005.png[39m[0m
[  21% ] [90m[1m_update_scan_actions[22m | 006.png[39m[0m
[  21% ] [90m[1m_update_scan_actions[22m | 007.png[39m[0m
[  22% ] [90m[1m_update_scan_actions[22m | 008.png[39m[0m
[  22% ] [90m[1m_update_scan_actions[22m | 009.png[39m[0m
[  22% ] [90m[1m_update_scan_actions[22m | 010.png[39m[0m
[  23% ] [90m[1m_update_scan_actions[22m | 011.png[39m[0m
[  23% ] [90m[1m_update_scan_actions[22m | 001.png[39m[0m
[  24% ] [90m[1m_update_scan_actions[22m | 002.png[39m[0m
[  24% ] [90m[1m_update_scan_actions[22m | 003.png[39m[0m
[  24% ] [90m[1m_update_scan_actions[22m | 004.png[39m[0m
[  25% ] [90m[1m_update_scan_actions[22m | 005.png[39m[0m
[  25% ] [90m[1m_update_scan_actions[22m | 006.png[39m[0m
[  26% ] [90m[1m_update_scan_actions[22m | 007.png[39m[0m
[  26% ] [90m[1m_update_scan_actions[22m | 008.png[39m[0m
[  26% ] [90m[1m_update_scan_actions[22m | 009.png[39m[0m
[  27% ] [90m[1m_update_scan_actions[22m | 010.png[39m[0m
[  27% ] [90m[1m_update_scan_actions[22m | 静电猫-上方 · 前进.png[39m[0m
[  28% ] [90m[1m_update_scan_actions[22m | 静电猫-上方 · 待机.png[39m[0m
[  28% ] [90m[1m_update_scan_actions[22m | 静电猫-下方 · 前进.png[39m[0m
[  28% ] [90m[1m_update_scan_actions[22m | 静电猫-下方 · 待机.png[39m[0m
[  29% ] [90m[1m_update_scan_actions[22m | 静电猫-侧面 · 产毛.png[39m[0m
[  29% ] [90m[1m_update_scan_actions[22m | 静电猫-侧面 · 前进.png[39m[0m
[  29% ] [90m[1m_update_scan_actions[22m | 静电猫-侧面 · 待机.png[39m[0m
[  30% ] [90m[1m_update_scan_actions[22m | 静电猫-侧面 · 被抚摸.png[39m[0m
[  30% ] [90m[1m_update_scan_actions[22m | 静电猫-侧面.休息.png[39m[0m
[  31% ] [90m[1m_update_scan_actions[22m | 001.png[39m[0m
[  31% ] [90m[1m_update_scan_actions[22m | 002.png[39m[0m
[  31% ] [90m[1m_update_scan_actions[22m | 003.png[39m[0m
[  32% ] [90m[1m_update_scan_actions[22m | 004.png[39m[0m
[  32% ] [90m[1m_update_scan_actions[22m | 005.png[39m[0m
[  33% ] [90m[1m_update_scan_actions[22m | 006.png[39m[0m
[  33% ] [90m[1m_update_scan_actions[22m | 007.png[39m[0m
[  33% ] [90m[1m_update_scan_actions[22m | 008.png[39m[0m
[  34% ] [90m[1m_update_scan_actions[22m | 009.png[39m[0m
[  34% ] [90m[1m_update_scan_actions[22m | 010.png[39m[0m
[  35% ] [90m[1m_update_scan_actions[22m | 011.png[39m[0m
[  35% ] [90m[1m_update_scan_actions[22m | 012.png[39m[0m
[  35% ] [90m[1m_update_scan_actions[22m | 013.png[39m[0m
[  36% ] [90m[1m_update_scan_actions[22m | 014.png[39m[0m
[  36% ] [90m[1m_update_scan_actions[22m | 015.png[39m[0m
[  36% ] [90m[1m_update_scan_actions[22m | 016.png[39m[0m
[  37% ] [90m[1m_update_scan_actions[22m | 017.png[39m[0m
[  37% ] [90m[1m_update_scan_actions[22m | 018.png[39m[0m
[  38% ] [90m[1m_update_scan_actions[22m | 019.png[39m[0m
[  38% ] [90m[1m_update_scan_actions[22m | 020.png[39m[0m
[  38% ] [90m[1m_update_scan_actions[22m | 001.png[39m[0m
[  39% ] [90m[1m_update_scan_actions[22m | 002.png[39m[0m
[  39% ] [90m[1m_update_scan_actions[22m | 003.png[39m[0m
[  40% ] [90m[1m_update_scan_actions[22m | 004.png[39m[0m
[  40% ] [90m[1m_update_scan_actions[22m | 005.png[39m[0m
[  40% ] [90m[1m_update_scan_actions[22m | 006.png[39m[0m
[  41% ] [90m[1m_update_scan_actions[22m | 007.png[39m[0m
[  41% ] [90m[1m_update_scan_actions[22m | 008.png[39m[0m
[  42% ] [90m[1m_update_scan_actions[22m | 009.png[39m[0m
[  42% ] [90m[1m_update_scan_actions[22m | 010.png[39m[0m
[  42% ] [90m[1m_update_scan_actions[22m | 011.png[39m[0m
[  43% ] [90m[1m_update_scan_actions[22m | 012.png[39m[0m
[  43% ] [90m[1m_update_scan_actions[22m | 013.png[39m[0m
[  43% ] [90m[1m_update_scan_actions[22m | 014.png[39m[0m
[  44% ] [90m[1m_update_scan_actions[22m | 001.png[39m[0m
[  44% ] [90m[1m_update_scan_actions[22m | 002.png[39m[0m
[  45% ] [90m[1m_update_scan_actions[22m | 003.png[39m[0m
[  45% ] [90m[1m_update_scan_actions[22m | 004.png[39m[0m
[  45% ] [90m[1m_update_scan_actions[22m | 005.png[39m[0m
[  46% ] [90m[1m_update_scan_actions[22m | 006.png[39m[0m
[  46% ] [90m[1m_update_scan_actions[22m | 007.png[39m[0m
[  47% ] [90m[1m_update_scan_actions[22m | 008.png[39m[0m
[  47% ] [90m[1m_update_scan_actions[22m | 009.png[39m[0m
[  47% ] [90m[1m_update_scan_actions[22m | 010.png[39m[0m
[  48% ] [90m[1m_update_scan_actions[22m | 001.png[39m[0m
[  48% ] [90m[1m_update_scan_actions[22m | 002.png[39m[0m
[  49% ] [90m[1m_update_scan_actions[22m | 003.png[39m[0m
[  49% ] [90m[1m_update_scan_actions[22m | 004.png[39m[0m
[  49% ] [90m[1m_update_scan_actions[22m | 005.png[39m[0m
[  50% ] [90m[1m_update_scan_actions[22m | 006.png[39m[0m
[  50% ] [90m[1m_update_scan_actions[22m | 007.png[39m[0m
[  50% ] [90m[1m_update_scan_actions[22m | 008.png[39m[0m
[  51% ] [90m[1m_update_scan_actions[22m | 009.png[39m[0m
[  51% ] [90m[1m_update_scan_actions[22m | 010.png[39m[0m
[  52% ] [90m[1m_update_scan_actions[22m | 011.png[39m[0m
[  52% ] [90m[1m_update_scan_actions[22m | 012.png[39m[0m
[  52% ] [90m[1m_update_scan_actions[22m | 013.png[39m[0m
[  53% ] [90m[1m_update_scan_actions[22m | 014.png[39m[0m
[  53% ] [90m[1m_update_scan_actions[22m | 015.png[39m[0m
[  54% ] [90m[1m_update_scan_actions[22m | 016.png[39m[0m
[  54% ] [90m[1m_update_scan_actions[22m | 017.png[39m[0m
[  54% ] [90m[1m_update_scan_actions[22m | 018.png[39m[0m
[  55% ] [90m[1m_update_scan_actions[22m | 019.png[39m[0m
[  55% ] [90m[1m_update_scan_actions[22m | 020.png[39m[0m
[  56% ] [90m[1m_update_scan_actions[22m | 001.png[39m[0m
[  56% ] [90m[1m_update_scan_actions[22m | 002.png[39m[0m
[  56% ] [90m[1m_update_scan_actions[22m | 003.png[39m[0m
[  57% ] [90m[1m_update_scan_actions[22m | 004.png[39m[0m
[  57% ] [90m[1m_update_scan_actions[22m | 005.png[39m[0m
[  57% ] [90m[1m_update_scan_actions[22m | 006.png[39m[0m
[  58% ] [90m[1m_update_scan_actions[22m | 007.png[39m[0m
[  58% ] [90m[1m_update_scan_actions[22m | 008.png[39m[0m
[  59% ] [90m[1m_update_scan_actions[22m | 009.png[39m[0m
[  59% ] [90m[1m_update_scan_actions[22m | 010.png[39m[0m
[  59% ] [90m[1m_update_scan_actions[22m | 011.png[39m[0m
[  60% ] [90m[1m_update_scan_actions[22m | 012.png[39m[0m
[  60% ] [90m[1m_update_scan_actions[22m | 013.png[39m[0m
[  61% ] [90m[1m_update_scan_actions[22m | 014.png[39m[0m
[  61% ] [90m[1m_update_scan_actions[22m | 001.png[39m[0m
[  61% ] [90m[1m_update_scan_actions[22m | 002.png[39m[0m
[  62% ] [90m[1m_update_scan_actions[22m | 003.png[39m[0m
[  62% ] [90m[1m_update_scan_actions[22m | 004.png[39m[0m
[  63% ] [90m[1m_update_scan_actions[22m | 005.png[39m[0m
[  63% ] [90m[1m_update_scan_actions[22m | 006.png[39m[0m
[  63% ] [90m[1m_update_scan_actions[22m | 007.png[39m[0m
[  64% ] [90m[1m_update_scan_actions[22m | 008.png[39m[0m
[  64% ] [90m[1m_update_scan_actions[22m | 009.png[39m[0m
[  64% ] [90m[1m_update_scan_actions[22m | 010.png[39m[0m
[  65% ] [90m[1m_update_scan_actions[22m | 001.png[39m[0m
[  65% ] [90m[1m_update_scan_actions[22m | 002.png[39m[0m
[  66% ] [90m[1m_update_scan_actions[22m | 003.png[39m[0m
[  66% ] [90m[1m_update_scan_actions[22m | 004.png[39m[0m
[  66% ] [90m[1m_update_scan_actions[22m | 005.png[39m[0m
[  67% ] [90m[1m_update_scan_actions[22m | 006.png[39m[0m
[  67% ] [90m[1m_update_scan_actions[22m | 007.png[39m[0m
[  68% ] [90m[1m_update_scan_actions[22m | 008.png[39m[0m
[  68% ] [90m[1m_update_scan_actions[22m | 009.png[39m[0m
[  68% ] [90m[1m_update_scan_actions[22m | 010.png[39m[0m
[  69% ] [90m[1m_update_scan_actions[22m | 011.png[39m[0m
[  69% ] [90m[1m_update_scan_actions[22m | 012.png[39m[0m
[  70% ] [90m[1m_update_scan_actions[22m | 013.png[39m[0m
[  70% ] [90m[1m_update_scan_actions[22m | 014.png[39m[0m
[  70% ] [90m[1m_update_scan_actions[22m | 015.png[39m[0m
[  71% ] [90m[1m_update_scan_actions[22m | 001.png[39m[0m
[  71% ] [90m[1m_update_scan_actions[22m | 002.png[39m[0m
[  71% ] [90m[1m_update_scan_actions[22m | 003.png[39m[0m
[  72% ] [90m[1m_update_scan_actions[22m | 004.png[39m[0m
[  72% ] [90m[1m_update_scan_actions[22m | 005.png[39m[0m
[  73% ] [90m[1m_update_scan_actions[22m | 006.png[39m[0m
[  73% ] [90m[1m_update_scan_actions[22m | 007.png[39m[0m
[  73% ] [90m[1m_update_scan_actions[22m | 008.png[39m[0m
[  74% ] [90m[1m_update_scan_actions[22m | 009.png[39m[0m
[  74% ] [90m[1m_update_scan_actions[22m | 010.png[39m[0m
[  75% ] [90m[1m_update_scan_actions[22m | 011.png[39m[0m
[  75% ] [90m[1m_update_scan_actions[22m | 012.png[39m[0m
[  75% ] [90m[1m_update_scan_actions[22m | 013.png[39m[0m
[  76% ] [90m[1m_update_scan_actions[22m | 014.png[39m[0m
[  76% ] [90m[1m_update_scan_actions[22m | 015.png[39m[0m
[  77% ] [90m[1m_update_scan_actions[22m | 001.png[39m[0m
[  77% ] [90m[1m_update_scan_actions[22m | 002.png[39m[0m
[  77% ] [90m[1m_update_scan_actions[22m | 003.png[39m[0m
[  78% ] [90m[1m_update_scan_actions[22m | 004.png[39m[0m
[  78% ] [90m[1m_update_scan_actions[22m | 005.png[39m[0m
[  78% ] [90m[1m_update_scan_actions[22m | 006.png[39m[0m
[  79% ] [90m[1m_update_scan_actions[22m | 007.png[39m[0m
[  79% ] [90m[1m_update_scan_actions[22m | 008.png[39m[0m
[  80% ] [90m[1m_update_scan_actions[22m | 009.png[39m[0m
[  80% ] [90m[1m_update_scan_actions[22m | 010.png[39m[0m
[  80% ] [90m[1m_update_scan_actions[22m | 001.png[39m[0m
[  81% ] [90m[1m_update_scan_actions[22m | 002.png[39m[0m
[  81% ] [90m[1m_update_scan_actions[22m | 003.png[39m[0m
[  82% ] [90m[1m_update_scan_actions[22m | 004.png[39m[0m
[  82% ] [90m[1m_update_scan_actions[22m | 005.png[39m[0m
[  82% ] [90m[1m_update_scan_actions[22m | 006.png[39m[0m
[  83% ] [90m[1m_update_scan_actions[22m | 007.png[39m[0m
[  83% ] [90m[1m_update_scan_actions[22m | 008.png[39m[0m
[  84% ] [90m[1m_update_scan_actions[22m | 009.png[39m[0m
[  84% ] [90m[1m_update_scan_actions[22m | 010.png[39m[0m
[  84% ] [90m[1m_update_scan_actions[22m | 011.png[39m[0m
[  85% ] [90m[1m_update_scan_actions[22m | 012.png[39m[0m
[  85% ] [90m[1m_update_scan_actions[22m | 013.png[39m[0m
[  85% ] [90m[1m_update_scan_actions[22m | 014.png[39m[0m
[  86% ] [90m[1m_update_scan_actions[22m | 015.png[39m[0m
[  86% ] [90m[1m_update_scan_actions[22m | 016.png[39m[0m
[  87% ] [90m[1m_update_scan_actions[22m | 017.png[39m[0m
[  87% ] [90m[1m_update_scan_actions[22m | 001.png[39m[0m
[  87% ] [90m[1m_update_scan_actions[22m | 002.png[39m[0m
[  88% ] [90m[1m_update_scan_actions[22m | 003.png[39m[0m
[  88% ] [90m[1m_update_scan_actions[22m | 004.png[39m[0m
[  89% ] [90m[1m_update_scan_actions[22m | 005.png[39m[0m
[  89% ] [90m[1m_update_scan_actions[22m | 006.png[39m[0m
[  89% ] [90m[1m_update_scan_actions[22m | 007.png[39m[0m
[  90% ] [90m[1m_update_scan_actions[22m | 008.png[39m[0m
[  90% ] [90m[1m_update_scan_actions[22m | 009.png[39m[0m
[  91% ] [90m[1m_update_scan_actions[22m | Coin.png[39m[0m
[  91% ] [90m[1m_update_scan_actions[22m | Feed.png[39m[0m
[  91% ] [90m[1m_update_scan_actions[22m | Frame.png[39m[0m
[  92% ] [90m[1m_update_scan_actions[22m | Furryball.png[39m[0m
[  92% ] [90m[1m_update_scan_actions[22m | Gachapon.png[39m[0m
[  92% ] [90m[1m_update_scan_actions[22m | Glove.png[39m[0m
[  93% ] [90m[1m_update_scan_actions[22m | Ground1.png[39m[0m
[  93% ] [90m[1m_update_scan_actions[22m | Ground.jpg[39m[0m
[  94% ] [90m[1m_update_scan_actions[22m | Light.png[39m[0m
[  94% ] [90m[1m_update_scan_actions[22m | mask.jpg[39m[0m
[  94% ] [90m[1m_update_scan_actions[22m | Mouse.png[39m[0m
[  95% ] [90m[1m_update_scan_actions[22m | Scene.jpg[39m[0m
[  95% ] [90m[1m_update_scan_actions[22m | title.jpg[39m[0m
[  96% ] [90m[1m_update_scan_actions[22m | universe.jpg[39m[0m
[  96% ] [90m[1m_update_scan_actions[22m | Wall.jpg[39m[0m
[  96% ] [90m[1m_update_scan_actions[22m | Window1.jpg[39m[0m
[  97% ] [90m[1m_update_scan_actions[22m | Window.jpg[39m[0m
[  97% ] [90m[1m_update_scan_actions[22m | Facility_17.png[39m[0m
[  98% ] [90m[1m_update_scan_actions[22m | Facility_18.png[39m[0m
[  98% ] [90m[1m_update_scan_actions[22m | Facility_19.png[39m[0m
[  98% ] [90m[1m_update_scan_actions[22m | Worker_20.png[39m[0m
[  99% ] [90m[1m_update_scan_actions[22m | Worker_21.png[39m[0m
[92m[ DONE ][39m [1m_update_scan_actions[22m
[0m
[   0% ] [90m[1mreimport[22m | Started 正在导入或重新导入资产 (256 steps)[39m[0m
[   0% ] [90m[1mreimport[22m | 正在准备重新导入文件……[39m[0m
[   0% ] [90m[1mreimport[22m | 正在准备重新导入文件……[39m[0m
[   0% ] [90m[1mreimport[22m | 正在准备重新导入文件……[39m[0m
[   1% ] [90m[1mreimport[22m | 正在准备重新导入文件……[39m[0m
[   1% ] [90m[1mreimport[22m | 正在准备重新导入文件……[39m[0m
[   1% ] [90m[1mreimport[22m | 正在准备重新导入文件……[39m[0m
[   2% ] [90m[1mreimport[22m | 正在准备重新导入文件……[39m[0m
[   2% ] [90m[1mreimport[22m | 正在准备重新导入文件……[39m[0m
[   3% ] [90m[1mreimport[22m | 正在准备重新导入文件……[39m[0m
[   3% ] [90m[1mreimport[22m | 正在准备重新导入文件……[39m[0m
[   3% ] [90m[1mreimport[22m | 正在准备重新导入文件……[39m[0m
[   4% ] [90m[1mreimport[22m | 正在准备重新导入文件……[39m[0m
[   4% ] [90m[1mreimport[22m | 正在准备重新导入文件……[39m[0m
[   5% ] [90m[1mreimport[22m | 正在准备重新导入文件……[39m[0m
[   5% ] [90m[1mreimport[22m | 正在准备重新导入文件……[39m[0m
[   5% ] [90m[1mreimport[22m | 正在准备重新导入文件……[39m[0m
[   6% ] [90m[1mreimport[22m | 正在准备重新导入文件……[39m[0m
[   6% ] [90m[1mreimport[22m | 正在准备重新导入文件……[39m[0m
[   7% ] [90m[1mreimport[22m | 正在准备重新导入文件……[39m[0m
[   7% ] [90m[1mreimport[22m | 正在准备重新导入文件……[39m[0m
[   7% ] [90m[1mreimport[22m | 正在准备重新导入文件……[39m[0m
[   8% ] [90m[1mreimport[22m | 正在准备重新导入文件……[39m[0m
[   8% ] [90m[1mreimport[22m | 正在准备重新导入文件……[39m[0m
[   8% ] [90m[1mreimport[22m | 正在准备重新导入文件……[39m[0m
[   9% ] [90m[1mreimport[22m | 正在准备重新导入文件……[39m[0m
[   9% ] [90m[1mreimport[22m | 正在准备重新导入文件……[39m[0m
[  10% ] [90m[1mreimport[22m | 正在准备重新导入文件……[39m[0m
[  10% ] [90m[1mreimport[22m | 正在准备重新导入文件……[39m[0m
[  10% ] [90m[1mreimport[22m | 正在准备重新导入文件……[39m[0m
[  11% ] [90m[1mreimport[22m | 正在准备重新导入文件……[39m[0m
[  11% ] [90m[1mreimport[22m | 正在准备重新导入文件……[39m[0m
[  12% ] [90m[1mreimport[22m | 正在准备重新导入文件……[39m[0m
[  12% ] [90m[1mreimport[22m | 正在准备重新导入文件……[39m[0m
[  12% ] [90m[1mreimport[22m | 正在准备重新导入文件……[39m[0m
[  13% ] [90m[1mreimport[22m | 正在准备重新导入文件……[39m[0m
[  13% ] [90m[1mreimport[22m | 正在准备重新导入文件……[39m[0m
[  14% ] [90m[1mreimport[22m | 正在准备重新导入文件……[39m[0m
[  14% ] [90m[1mreimport[22m | 正在准备重新导入文件……[39m[0m
[  14% ] [90m[1mreimport[22m | 正在准备重新导入文件……[39m[0m
[  15% ] [90m[1mreimport[22m | 正在准备重新导入文件……[39m[0m
[  15% ] [90m[1mreimport[22m | 正在准备重新导入文件……[39m[0m
[  15% ] [90m[1mreimport[22m | 正在准备重新导入文件……[39m[0m
[  16% ] [90m[1mreimport[22m | 正在准备重新导入文件……[39m[0m
[  16% ] [90m[1mreimport[22m | 正在准备重新导入文件……[39m[0m
[  17% ] [90m[1mreimport[22m | 正在准备重新导入文件……[39m[0m
[  17% ] [90m[1mreimport[22m | 正在准备重新导入文件……[39m[0m
[  17% ] [90m[1mreimport[22m | 正在准备重新导入文件……[39m[0m
[  18% ] [90m[1mreimport[22m | 正在准备重新导入文件……[39m[0m
[  18% ] [90m[1mreimport[22m | 正在准备重新导入文件……[39m[0m
[  19% ] [90m[1mreimport[22m | 正在准备重新导入文件……[39m[0m
[  19% ] [90m[1mreimport[22m | 正在准备重新导入文件……[39m[0m
[  19% ] [90m[1mreimport[22m | 正在准备重新导入文件……[39m[0m
[  20% ] [90m[1mreimport[22m | 正在准备重新导入文件……[39m[0m
[  20% ] [90m[1mreimport[22m | 正在准备重新导入文件……[39m[0m
[  21% ] [90m[1mreimport[22m | 正在准备重新导入文件……[39m[0m
[  21% ] [90m[1mreimport[22m | 正在准备重新导入文件……[39m[0m
[  21% ] [90m[1mreimport[22m | 正在准备重新导入文件……[39m[0m
[  22% ] [90m[1mreimport[22m | 正在准备重新导入文件……[39m[0m
[  22% ] [90m[1mreimport[22m | 正在准备重新导入文件……[39m[0m
[  22% ] [90m[1mreimport[22m | 正在准备重新导入文件……[39m[0m
[  23% ] [90m[1mreimport[22m | 正在准备重新导入文件……[39m[0m
[  23% ] [90m[1mreimport[22m | 正在准备重新导入文件……[39m[0m
[  24% ] [90m[1mreimport[22m | 正在准备重新导入文件……[39m[0m
[  24% ] [90m[1mreimport[22m | 正在准备重新导入文件……[39m[0m
[  24% ] [90m[1mreimport[22m | 正在准备重新导入文件……[39m[0m
[  25% ] [90m[1mreimport[22m | 正在准备重新导入文件……[39m[0m
[  25% ] [90m[1mreimport[22m | 正在准备重新导入文件……[39m[0m
[  26% ] [90m[1mreimport[22m | 正在准备重新导入文件……[39m[0m
[  26% ] [90m[1mreimport[22m | 正在准备重新导入文件……[39m[0m
[  26% ] [90m[1mreimport[22m | 正在准备重新导入文件……[39m[0m
[  27% ] [90m[1mreimport[22m | 正在准备重新导入文件……[39m[0m
[  27% ] [90m[1mreimport[22m | 正在准备重新导入文件……[39m[0m
[  28% ] [90m[1mreimport[22m | 正在准备重新导入文件……[39m[0m
[  28% ] [90m[1mreimport[22m | 正在准备重新导入文件……[39m[0m
[  28% ] [90m[1mreimport[22m | 正在准备重新导入文件……[39m[0m
[  29% ] [90m[1mreimport[22m | 正在准备重新导入文件……[39m[0m
[  29% ] [90m[1mreimport[22m | 正在准备重新导入文件……[39m[0m
[  29% ] [90m[1mreimport[22m | 正在准备重新导入文件……[39m[0m
[  30% ] [90m[1mreimport[22m | 正在准备重新导入文件……[39m[0m
[  30% ] [90m[1mreimport[22m | 正在准备重新导入文件……[39m[0m
[  31% ] [90m[1mreimport[22m | 正在准备重新导入文件……[39m[0m
[  31% ] [90m[1mreimport[22m | 正在准备重新导入文件……[39m[0m
[  31% ] [90m[1mreimport[22m | 正在准备重新导入文件……[39m[0m
[  32% ] [90m[1mreimport[22m | 正在准备重新导入文件……[39m[0m
[  32% ] [90m[1mreimport[22m | 正在准备重新导入文件……[39m[0m
[  33% ] [90m[1mreimport[22m | 正在准备重新导入文件……[39m[0m
[  33% ] [90m[1mreimport[22m | 正在准备重新导入文件……[39m[0m
[  33% ] [90m[1mreimport[22m | 正在准备重新导入文件……[39m[0m
[  34% ] [90m[1mreimport[22m | 正在准备重新导入文件……[39m[0m
[  34% ] [90m[1mreimport[22m | 正在准备重新导入文件……[39m[0m
[  35% ] [90m[1mreimport[22m | 正在准备重新导入文件……[39m[0m
[  35% ] [90m[1mreimport[22m | 正在准备重新导入文件……[39m[0m
[  35% ] [90m[1mreimport[22m | 正在准备重新导入文件……[39m[0m
[  36% ] [90m[1mreimport[22m | 正在准备重新导入文件……[39m[0m
[  36% ] [90m[1mreimport[22m | 正在准备重新导入文件……[39m[0m
[  36% ] [90m[1mreimport[22m | 正在准备重新导入文件……[39m[0m
[  37% ] [90m[1mreimport[22m | 正在准备重新导入文件……[39m[0m
[  37% ] [90m[1mreimport[22m | 正在准备重新导入文件……[39m[0m
[  38% ] [90m[1mreimport[22m | 正在准备重新导入文件……[39m[0m
[  38% ] [90m[1mreimport[22m | 正在准备重新导入文件……[39m[0m
[  38% ] [90m[1mreimport[22m | 正在准备重新导入文件……[39m[0m
[  39% ] [90m[1mreimport[22m | 正在准备重新导入文件……[39m[0m
[  39% ] [90m[1mreimport[22m | 正在准备重新导入文件……[39m[0m
[  40% ] [90m[1mreimport[22m | 正在准备重新导入文件……[39m[0m
[  40% ] [90m[1mreimport[22m | 正在准备重新导入文件……[39m[0m
[  40% ] [90m[1mreimport[22m | 正在准备重新导入文件……[39m[0m
[  41% ] [90m[1mreimport[22m | 正在准备重新导入文件……[39m[0m
[  41% ] [90m[1mreimport[22m | 正在准备重新导入文件……[39m[0m
[  42% ] [90m[1mreimport[22m | 正在准备重新导入文件……[39m[0m
[  42% ] [90m[1mreimport[22m | 正在准备重新导入文件……[39m[0m
[  42% ] [90m[1mreimport[22m | 正在准备重新导入文件……[39m[0m
[  43% ] [90m[1mreimport[22m | 正在准备重新导入文件……[39m[0m
[  43% ] [90m[1mreimport[22m | 正在准备重新导入文件……[39m[0m
[  43% ] [90m[1mreimport[22m | 正在准备重新导入文件……[39m[0m
[  44% ] [90m[1mreimport[22m | 正在准备重新导入文件……[39m[0m
[  44% ] [90m[1mreimport[22m | 正在准备重新导入文件……[39m[0m
[  45% ] [90m[1mreimport[22m | 正在准备重新导入文件……[39m[0m
[  45% ] [90m[1mreimport[22m | 正在准备重新导入文件……[39m[0m
[  45% ] [90m[1mreimport[22m | 正在准备重新导入文件……[39m[0m
[  46% ] [90m[1mreimport[22m | 正在准备重新导入文件……[39m[0m
[  46% ] [90m[1mreimport[22m | 正在准备重新导入文件……[39m[0m
[  47% ] [90m[1mreimport[22m | 正在准备重新导入文件……[39m[0m
[  47% ] [90m[1mreimport[22m | 正在准备重新导入文件……[39m[0m
[  47% ] [90m[1mreimport[22m | 正在准备重新导入文件……[39m[0m
[  48% ] [90m[1mreimport[22m | 正在准备重新导入文件……[39m[0m
[  48% ] [90m[1mreimport[22m | 正在准备重新导入文件……[39m[0m
[  49% ] [90m[1mreimport[22m | 正在准备重新导入文件……[39m[0m
[  49% ] [90m[1mreimport[22m | 正在准备重新导入文件……[39m[0m
[  49% ] [90m[1mreimport[22m | 正在准备重新导入文件……[39m[0m
[  50% ] [90m[1mreimport[22m | 正在准备重新导入文件……[39m[0m
[  50% ] [90m[1mreimport[22m | 正在准备重新导入文件……[39m[0m
[  50% ] [90m[1mreimport[22m | 正在准备重新导入文件……[39m[0m
[  51% ] [90m[1mreimport[22m | 正在准备重新导入文件……[39m[0m
[  51% ] [90m[1mreimport[22m | 正在准备重新导入文件……[39m[0m
[  52% ] [90m[1mreimport[22m | 正在准备重新导入文件……[39m[0m
[  52% ] [90m[1mreimport[22m | 正在准备重新导入文件……[39m[0m
[  52% ] [90m[1mreimport[22m | 正在准备重新导入文件……[39m[0m
[  53% ] [90m[1mreimport[22m | 正在准备重新导入文件……[39m[0m
[  53% ] [90m[1mreimport[22m | 正在准备重新导入文件……[39m[0m
[  54% ] [90m[1mreimport[22m | 正在准备重新导入文件……[39m[0m
[  54% ] [90m[1mreimport[22m | 正在准备重新导入文件……[39m[0m
[  54% ] [90m[1mreimport[22m | 正在准备重新导入文件……[39m[0m
[  55% ] [90m[1mreimport[22m | 正在准备重新导入文件……[39m[0m
[  55% ] [90m[1mreimport[22m | 正在准备重新导入文件……[39m[0m
[  56% ] [90m[1mreimport[22m | 正在准备重新导入文件……[39m[0m
[  56% ] [90m[1mreimport[22m | 正在准备重新导入文件……[39m[0m
[  56% ] [90m[1mreimport[22m | 正在准备重新导入文件……[39m[0m
[  57% ] [90m[1mreimport[22m | 正在准备重新导入文件……[39m[0m
[  57% ] [90m[1mreimport[22m | 正在准备重新导入文件……[39m[0m
[  57% ] [90m[1mreimport[22m | 正在准备重新导入文件……[39m[0m
[  58% ] [90m[1mreimport[22m | 正在准备重新导入文件……[39m[0m
[  58% ] [90m[1mreimport[22m | 正在准备重新导入文件……[39m[0m
[  59% ] [90m[1mreimport[22m | 正在准备重新导入文件……[39m[0m
[  59% ] [90m[1mreimport[22m | 正在准备重新导入文件……[39m[0m
[  59% ] [90m[1mreimport[22m | 正在准备重新导入文件……[39m[0m
[  60% ] [90m[1mreimport[22m | 正在准备重新导入文件……[39m[0m
[  60% ] [90m[1mreimport[22m | 正在准备重新导入文件……[39m[0m
[  61% ] [90m[1mreimport[22m | 正在准备重新导入文件……[39m[0m
[  61% ] [90m[1mreimport[22m | 正在准备重新导入文件……[39m[0m
[  61% ] [90m[1mreimport[22m | 正在准备重新导入文件……[39m[0m
[  62% ] [90m[1mreimport[22m | 正在准备重新导入文件……[39m[0m
[  62% ] [90m[1mreimport[22m | 正在准备重新导入文件……[39m[0m
[  63% ] [90m[1mreimport[22m | 正在准备重新导入文件……[39m[0m
[  63% ] [90m[1mreimport[22m | 正在准备重新导入文件……[39m[0m
[  63% ] [90m[1mreimport[22m | 正在准备重新导入文件……[39m[0m
[  64% ] [90m[1mreimport[22m | 正在准备重新导入文件……[39m[0m
[  64% ] [90m[1mreimport[22m | 正在准备重新导入文件……[39m[0m
[  64% ] [90m[1mreimport[22m | 正在准备重新导入文件……[39m[0m
[  65% ] [90m[1mreimport[22m | 正在准备重新导入文件……[39m[0m
[  65% ] [90m[1mreimport[22m | 正在准备重新导入文件……[39m[0m
[  66% ] [90m[1mreimport[22m | 正在准备重新导入文件……[39m[0m
[  66% ] [90m[1mreimport[22m | 正在准备重新导入文件……[39m[0m
[  66% ] [90m[1mreimport[22m | 正在准备重新导入文件……[39m[0m
[  67% ] [90m[1mreimport[22m | 正在准备重新导入文件……[39m[0m
[  67% ] [90m[1mreimport[22m | 正在准备重新导入文件……[39m[0m
[  68% ] [90m[1mreimport[22m | 正在准备重新导入文件……[39m[0m
[  68% ] [90m[1mreimport[22m | 正在准备重新导入文件……[39m[0m
[  68% ] [90m[1mreimport[22m | 正在准备重新导入文件……[39m[0m
[  69% ] [90m[1mreimport[22m | 正在准备重新导入文件……[39m[0m
[  69% ] [90m[1mreimport[22m | 正在准备重新导入文件……[39m[0m
[  70% ] [90m[1mreimport[22m | 正在准备重新导入文件……[39m[0m
[  70% ] [90m[1mreimport[22m | 正在准备重新导入文件……[39m[0m
[  70% ] [90m[1mreimport[22m | 正在准备重新导入文件……[39m[0m
[  71% ] [90m[1mreimport[22m | 正在准备重新导入文件……[39m[0m
[  71% ] [90m[1mreimport[22m | 正在准备重新导入文件……[39m[0m
[  71% ] [90m[1mreimport[22m | 正在准备重新导入文件……[39m[0m
[  72% ] [90m[1mreimport[22m | 正在准备重新导入文件……[39m[0m
[  72% ] [90m[1mreimport[22m | 正在准备重新导入文件……[39m[0m
[  73% ] [90m[1mreimport[22m | 正在准备重新导入文件……[39m[0m
[  73% ] [90m[1mreimport[22m | 正在准备重新导入文件……[39m[0m
[  73% ] [90m[1mreimport[22m | 正在准备重新导入文件……[39m[0m
[  74% ] [90m[1mreimport[22m | 正在准备重新导入文件……[39m[0m
[  74% ] [90m[1mreimport[22m | 正在准备重新导入文件……[39m[0m
[  75% ] [90m[1mreimport[22m | 正在准备重新导入文件……[39m[0m
[  75% ] [90m[1mreimport[22m | 正在准备重新导入文件……[39m[0m
[  75% ] [90m[1mreimport[22m | 正在准备重新导入文件……[39m[0m
[  76% ] [90m[1mreimport[22m | 正在准备重新导入文件……[39m[0m
[  76% ] [90m[1mreimport[22m | 正在准备重新导入文件……[39m[0m
[  77% ] [90m[1mreimport[22m | 正在准备重新导入文件……[39m[0m
[  77% ] [90m[1mreimport[22m | 正在准备重新导入文件……[39m[0m
[  77% ] [90m[1mreimport[22m | 正在准备重新导入文件……[39m[0m
[  78% ] [90m[1mreimport[22m | 正在准备重新导入文件……[39m[0m
[  78% ] [90m[1mreimport[22m | 正在准备重新导入文件……[39m[0m
[  78% ] [90m[1mreimport[22m | 正在准备重新导入文件……[39m[0m
[  79% ] [90m[1mreimport[22m | 正在准备重新导入文件……[39m[0m
[  79% ] [90m[1mreimport[22m | 正在准备重新导入文件……[39m[0m
[  80% ] [90m[1mreimport[22m | 正在准备重新导入文件……[39m[0m
[  80% ] [90m[1mreimport[22m | 正在准备重新导入文件……[39m[0m
[  80% ] [90m[1mreimport[22m | 正在准备重新导入文件……[39m[0m
[  81% ] [90m[1mreimport[22m | 正在准备重新导入文件……[39m[0m
[  81% ] [90m[1mreimport[22m | 正在准备重新导入文件……[39m[0m
[  82% ] [90m[1mreimport[22m | 正在准备重新导入文件……[39m[0m
[  82% ] [90m[1mreimport[22m | 正在准备重新导入文件……[39m[0m
[  82% ] [90m[1mreimport[22m | 正在准备重新导入文件……[39m[0m
[  83% ] [90m[1mreimport[22m | 正在准备重新导入文件……[39m[0m
[  83% ] [90m[1mreimport[22m | 正在准备重新导入文件……[39m[0m
[  84% ] [90m[1mreimport[22m | 正在准备重新导入文件……[39m[0m
[  84% ] [90m[1mreimport[22m | 正在准备重新导入文件……[39m[0m
[  84% ] [90m[1mreimport[22m | 正在准备重新导入文件……[39m[0m
[  85% ] [90m[1mreimport[22m | 正在准备重新导入文件……[39m[0m
[  85% ] [90m[1mreimport[22m | 正在准备重新导入文件……[39m[0m
[  85% ] [90m[1mreimport[22m | 正在准备重新导入文件……[39m[0m
[  86% ] [90m[1mreimport[22m | 正在准备重新导入文件……[39m[0m
[  86% ] [90m[1mreimport[22m | 正在准备重新导入文件……[39m[0m
[  87% ] [90m[1mreimport[22m | 正在准备重新导入文件……[39m[0m
[  87% ] [90m[1mreimport[22m | 正在准备重新导入文件……[39m[0m
[  87% ] [90m[1mreimport[22m | 正在准备重新导入文件……[39m[0m
[  88% ] [90m[1mreimport[22m | 正在准备重新导入文件……[39m[0m
[  88% ] [90m[1mreimport[22m | 正在准备重新导入文件……[39m[0m
[  89% ] [90m[1mreimport[22m | 正在准备重新导入文件……[39m[0m
[  89% ] [90m[1mreimport[22m | 正在准备重新导入文件……[39m[0m
[  89% ] [90m[1mreimport[22m | 正在准备重新导入文件……[39m[0m
[  90% ] [90m[1mreimport[22m | 正在准备重新导入文件……[39m[0m
[  90% ] [90m[1mreimport[22m | 正在准备重新导入文件……[39m[0m
[  91% ] [90m[1mreimport[22m | 正在准备重新导入文件……[39m[0m
[  91% ] [90m[1mreimport[22m | 正在准备重新导入文件……[39m[0m
[  91% ] [90m[1mreimport[22m | 正在准备重新导入文件……[39m[0m
[  92% ] [90m[1mreimport[22m | 正在准备重新导入文件……[39m[0m
[  92% ] [90m[1mreimport[22m | 正在准备重新导入文件……[39m[0m
[  92% ] [90m[1mreimport[22m | 正在准备重新导入文件……[39m[0m
[  93% ] [90m[1mreimport[22m | 正在准备重新导入文件……[39m[0m
[  93% ] [90m[1mreimport[22m | 正在准备重新导入文件……[39m[0m
[  94% ] [90m[1mreimport[22m | 正在准备重新导入文件……[39m[0m
[  94% ] [90m[1mreimport[22m | 正在准备重新导入文件……[39m[0m
[  94% ] [90m[1mreimport[22m | 正在准备重新导入文件……[39m[0m
[  95% ] [90m[1mreimport[22m | 正在准备重新导入文件……[39m[0m
[  95% ] [90m[1mreimport[22m | 正在准备重新导入文件……[39m[0m
[  96% ] [90m[1mreimport[22m | 正在准备重新导入文件……[39m[0m
[  96% ] [90m[1mreimport[22m | 正在准备重新导入文件……[39m[0m
[  96% ] [90m[1mreimport[22m | 正在准备重新导入文件……[39m[0m
[  97% ] [90m[1mreimport[22m | 正在准备重新导入文件……[39m[0m
[  97% ] [90m[1mreimport[22m | 正在准备重新导入文件……[39m[0m
[  98% ] [90m[1mreimport[22m | 正在准备重新导入文件……[39m[0m
[  98% ] [90m[1mreimport[22m | 正在准备重新导入文件……[39m[0m
[  98% ] [90m[1mreimport[22m | 正在准备重新导入文件……[39m[0m
[  99% ] [90m[1mreimport[22m | 正在准备重新导入文件……[39m[0m
[   0% ] [90m[1mreimport[22m | 正在执行重新导入的前置操作……[39m[0m
[   0% ] [90m[1mreimport[22m | 003.png[39m[0m
[   0% ] [90m[1mreimport[22m | 004.png[39m[0m
[   0% ] [90m[1mreimport[22m | 005.png[39m[0m
[   1% ] [90m[1mreimport[22m | 006.png[39m[0m
[   1% ] [90m[1mreimport[22m | 007.png[39m[0m
[   1% ] [90m[1mreimport[22m | 008.png[39m[0m
[   2% ] [90m[1mreimport[22m | 009.png[39m[0m
[   2% ] [90m[1mreimport[22m | 010.png[39m[0m
[   3% ] [90m[1mreimport[22m | 001.png[39m[0m
[   3% ] [90m[1mreimport[22m | 002.png[39m[0m
[   3% ] [90m[1mreimport[22m | 003.png[39m[0m
[   4% ] [90m[1mreimport[22m | 004.png[39m[0m
[   4% ] [90m[1mreimport[22m | 005.png[39m[0m
[   5% ] [90m[1mreimport[22m | 006.png[39m[0m
[   5% ] [90m[1mreimport[22m | 007.png[39m[0m
[   5% ] [90m[1mreimport[22m | 008.png[39m[0m
[   6% ] [90m[1mreimport[22m | 009.png[39m[0m
[   6% ] [90m[1mreimport[22m | 010.png[39m[0m
[   7% ] [90m[1mreimport[22m | 011.png[39m[0m
[   7% ] [90m[1mreimport[22m | 012.png[39m[0m
[   7% ] [90m[1mreimport[22m | 013.png[39m[0m
[   8% ] [90m[1mreimport[22m | 014.png[39m[0m
[   8% ] [90m[1mreimport[22m | 015.png[39m[0m
[   8% ] [90m[1mreimport[22m | 001.png[39m[0m
[   9% ] [90m[1mreimport[22m | 002.png[39m[0m
[   9% ] [90m[1mreimport[22m | 003.png[39m[0m
[  10% ] [90m[1mreimport[22m | 004.png[39m[0m
[  10% ] [90m[1mreimport[22m | 005.png[39m[0m
[  10% ] [90m[1mreimport[22m | 006.png[39m[0m
[  11% ] [90m[1mreimport[22m | 007.png[39m[0m
[  11% ] [90m[1mreimport[22m | 008.png[39m[0m
[  12% ] [90m[1mreimport[22m | 009.png[39m[0m
[  12% ] [90m[1mreimport[22m | 005.png[39m[0m
[  12% ] [90m[1mreimport[22m | 006.png[39m[0m
[  13% ] [90m[1mreimport[22m | 007.png[39m[0m
[  13% ] [90m[1mreimport[22m | 008.png[39m[0m
[  14% ] [90m[1mreimport[22m | 009.png[39m[0m
[  14% ] [90m[1mreimport[22m | 010.png[39m[0m
[  14% ] [90m[1mreimport[22m | 011.png[39m[0m
[  15% ] [90m[1mreimport[22m | 012.png[39m[0m
[  15% ] [90m[1mreimport[22m | 013.png[39m[0m
[  15% ] [90m[1mreimport[22m | 014.png[39m[0m
[  16% ] [90m[1mreimport[22m | 015.png[39m[0m
[  16% ] [90m[1mreimport[22m | 016.png[39m[0m
[  17% ] [90m[1mreimport[22m | 017.png[39m[0m
[  17% ] [90m[1mreimport[22m | 018.png[39m[0m
[  17% ] [90m[1mreimport[22m | 019.png[39m[0m
[  18% ] [90m[1mreimport[22m | 020.png[39m[0m
[  18% ] [90m[1mreimport[22m | 001.png[39m[0m
[  19% ] [90m[1mreimport[22m | 002.png[39m[0m
[  19% ] [90m[1mreimport[22m | 003.png[39m[0m
[  19% ] [90m[1mreimport[22m | 004.png[39m[0m
[  20% ] [90m[1mreimport[22m | 005.png[39m[0m
[  20% ] [90m[1mreimport[22m | 006.png[39m[0m
[  21% ] [90m[1mreimport[22m | 007.png[39m[0m
[  21% ] [90m[1mreimport[22m | 008.png[39m[0m
[  21% ] [90m[1mreimport[22m | 009.png[39m[0m
[  22% ] [90m[1mreimport[22m | 010.png[39m[0m
[  22% ] [90m[1mreimport[22m | 011.png[39m[0m
[  22% ] [90m[1mreimport[22m | 012.png[39m[0m
[  23% ] [90m[1mreimport[22m | 013.png[39m[0m
[  23% ] [90m[1mreimport[22m | 014.png[39m[0m
[  24% ] [90m[1mreimport[22m | 001.png[39m[0m
[  24% ] [90m[1mreimport[22m | 002.png[39m[0m
[  24% ] [90m[1mreimport[22m | 017.png[39m[0m
[  25% ] [90m[1mreimport[22m | 001.png[39m[0m
[  25% ] [90m[1mreimport[22m | 002.png[39m[0m
[  26% ] [90m[1mreimport[22m | 003.png[39m[0m
[  26% ] [90m[1mreimport[22m | 004.png[39m[0m
[  26% ] [90m[1mreimport[22m | 005.png[39m[0m
[  27% ] [90m[1mreimport[22m | 006.png[39m[0m
[  27% ] [90m[1mreimport[22m | 007.png[39m[0m
[  28% ] [90m[1mreimport[22m | 008.png[39m[0m
[  28% ] [90m[1mreimport[22m | 009.png[39m[0m
[  28% ] [90m[1mreimport[22m | Coin.png[39m[0m
[  29% ] [90m[1mreimport[22m | Feed.png[39m[0m
[  29% ] [90m[1mreimport[22m | Frame.png[39m[0m
[  29% ] [90m[1mreimport[22m | Furryball.png[39m[0m
[  30% ] [90m[1mreimport[22m | Gachapon.png[39m[0m
[  30% ] [90m[1mreimport[22m | Glove.png[39m[0m
[  31% ] [90m[1mreimport[22m | Ground1.png[39m[0m
[  31% ] [90m[1mreimport[22m | Ground.jpg[39m[0m
[  31% ] [90m[1mreimport[22m | Light.png[39m[0m
[  32% ] [90m[1mreimport[22m | mask.jpg[39m[0m
[  32% ] [90m[1mreimport[22m | Mouse.png[39m[0m
[  33% ] [90m[1mreimport[22m | Scene.jpg[39m[0m
[  33% ] [90m[1mreimport[22m | title.jpg[39m[0m
[  33% ] [90m[1mreimport[22m | universe.jpg[39m[0m
[  34% ] [90m[1mreimport[22m | Wall.jpg[39m[0m
[  34% ] [90m[1mreimport[22m | Window1.jpg[39m[0m
[  35% ] [90m[1mreimport[22m | Window.jpg[39m[0m
[  35% ] [90m[1mreimport[22m | Facility_17.png[39m[0m
[  35% ] [90m[1mreimport[22m | Facility_18.png[39m[0m
[  36% ] [90m[1mreimport[22m | Facility_19.png[39m[0m
[  36% ] [90m[1mreimport[22m | Worker_20.png[39m[0m
[  36% ] [90m[1mreimport[22m | Worker_21.png[39m[0m
[  37% ] [90m[1mreimport[22m | 010.png[39m[0m
[  37% ] [90m[1mreimport[22m | 011.png[39m[0m
[  38% ] [90m[1mreimport[22m | 012.png[39m[0m
[  38% ] [90m[1mreimport[22m | 013.png[39m[0m
[  38% ] [90m[1mreimport[22m | 014.png[39m[0m
[  39% ] [90m[1mreimport[22m | 015.png[39m[0m
[  39% ] [90m[1mreimport[22m | 001.png[39m[0m
[  40% ] [90m[1mreimport[22m | 002.png[39m[0m
[  40% ] [90m[1mreimport[22m | 003.png[39m[0m
[  40% ] [90m[1mreimport[22m | 004.png[39m[0m
[  41% ] [90m[1mreimport[22m | 005.png[39m[0m
[  41% ] [90m[1mreimport[22m | 006.png[39m[0m
[  42% ] [90m[1mreimport[22m | 007.png[39m[0m
[  42% ] [90m[1mreimport[22m | 008.png[39m[0m
[  42% ] [90m[1mreimport[22m | 009.png[39m[0m
[  43% ] [90m[1mreimport[22m | 010.png[39m[0m
[  43% ] [90m[1mreimport[22m | 001.png[39m[0m
[  43% ] [90m[1mreimport[22m | 002.png[39m[0m
[  44% ] [90m[1mreimport[22m | 003.png[39m[0m
[  44% ] [90m[1mreimport[22m | 004.png[39m[0m
[  45% ] [90m[1mreimport[22m | 005.png[39m[0m
[  45% ] [90m[1mreimport[22m | 006.png[39m[0m
[  45% ] [90m[1mreimport[22m | 007.png[39m[0m
[  46% ] [90m[1mreimport[22m | 008.png[39m[0m
[  46% ] [90m[1mreimport[22m | 009.png[39m[0m
[  47% ] [90m[1mreimport[22m | 010.png[39m[0m
[  47% ] [90m[1mreimport[22m | 011.png[39m[0m
[  47% ] [90m[1mreimport[22m | 012.png[39m[0m
[  48% ] [90m[1mreimport[22m | 013.png[39m[0m
[  48% ] [90m[1mreimport[22m | 014.png[39m[0m
[  49% ] [90m[1mreimport[22m | 015.png[39m[0m
[  49% ] [90m[1mreimport[22m | 016.png[39m[0m
[  49% ] [90m[1mreimport[22m | 三花猫 1-上方 · 前进.png[39m[0m
[  50% ] [90m[1mreimport[22m | 三花猫 1-上方 · 待机.png[39m[0m
[  50% ] [90m[1mreimport[22m | 三花猫 1-下方 · 前进.png[39m[0m
[  50% ] [90m[1mreimport[22m | 三花猫 1-下方 · 待机.png[39m[0m
[  51% ] [90m[1mreimport[22m | 三花猫 1-侧面 · 产毛.png[39m[0m
[  51% ] [90m[1mreimport[22m | 三花猫 1-侧面 · 前进.png[39m[0m
[  52% ] [90m[1mreimport[22m | 三花猫 1-侧面 · 坐下舔爪.png[39m[0m
[  52% ] [90m[1mreimport[22m | 三花猫 1-侧面 · 待机.png[39m[0m
[  52% ] [90m[1mreimport[22m | 三花猫 1-侧面 · 被抚摸.png[39m[0m
[  53% ] [90m[1mreimport[22m | 三花猫 1-上方 · 前进.png[39m[0m
[  53% ] [90m[1mreimport[22m | 三花猫 1-上方 · 待机.png[39m[0m
[  54% ] [90m[1mreimport[22m | 三花猫 1-下方 · 前进.png[39m[0m
[  54% ] [90m[1mreimport[22m | 三花猫 1-下方 · 待机.png[39m[0m
[  54% ] [90m[1mreimport[22m | 三花猫 1-侧面 · 产毛.png[39m[0m
[  55% ] [90m[1mreimport[22m | 三花猫 1-侧面 · 前进.png[39m[0m
[  55% ] [90m[1mreimport[22m | 三花猫 1-侧面 · 坐下舔爪.png[39m[0m
[  56% ] [90m[1mreimport[22m | 三花猫 1-侧面 · 待机.png[39m[0m
[  56% ] [90m[1mreimport[22m | 三花猫 1-侧面 · 被抚摸.png[39m[0m
[  56% ] [90m[1mreimport[22m | 001.png[39m[0m
[  57% ] [90m[1mreimport[22m | 002.png[39m[0m
[  57% ] [90m[1mreimport[22m | 003.png[39m[0m
[  57% ] [90m[1mreimport[22m | 004.png[39m[0m
[  58% ] [90m[1mreimport[22m | 005.png[39m[0m
[  58% ] [90m[1mreimport[22m | 006.png[39m[0m
[  59% ] [90m[1mreimport[22m | 007.png[39m[0m
[  59% ] [90m[1mreimport[22m | 008.png[39m[0m
[  59% ] [90m[1mreimport[22m | 009.png[39m[0m
[  60% ] [90m[1mreimport[22m | 010.png[39m[0m
[  60% ] [90m[1mreimport[22m | 011.png[39m[0m
[  61% ] [90m[1mreimport[22m | 001.png[39m[0m
[  61% ] [90m[1mreimport[22m | 002.png[39m[0m
[  61% ] [90m[1mreimport[22m | 003.png[39m[0m
[  62% ] [90m[1mreimport[22m | 001.png[39m[0m
[  62% ] [90m[1mreimport[22m | 002.png[39m[0m
[  63% ] [90m[1mreimport[22m | 003.png[39m[0m
[  63% ] [90m[1mreimport[22m | 004.png[39m[0m
[  63% ] [90m[1mreimport[22m | 005.png[39m[0m
[  64% ] [90m[1mreimport[22m | 006.png[39m[0m
[  64% ] [90m[1mreimport[22m | 007.png[39m[0m
[  64% ] [90m[1mreimport[22m | 008.png[39m[0m
[  65% ] [90m[1mreimport[22m | 009.png[39m[0m
[  65% ] [90m[1mreimport[22m | 010.png[39m[0m
[  66% ] [90m[1mreimport[22m | 011.png[39m[0m
[  66% ] [90m[1mreimport[22m | 012.png[39m[0m
[  66% ] [90m[1mreimport[22m | 013.png[39m[0m
[  67% ] [90m[1mreimport[22m | 014.png[39m[0m
[  67% ] [90m[1mreimport[22m | 015.png[39m[0m
[  68% ] [90m[1mreimport[22m | 016.png[39m[0m
[  68% ] [90m[1mreimport[22m | 017.png[39m[0m
[  68% ] [90m[1mreimport[22m | 018.png[39m[0m
[  69% ] [90m[1mreimport[22m | 019.png[39m[0m
[  69% ] [90m[1mreimport[22m | 020.png[39m[0m
[  70% ] [90m[1mreimport[22m | 三花猫 1-侧面 · 产毛.png[39m[0m
[  70% ] [90m[1mreimport[22m | 三花猫 1-侧面 · 待机.png[39m[0m
[  70% ] [90m[1mreimport[22m | 三花猫 1-侧面 · 被抚摸.png[39m[0m
[  71% ] [90m[1mreimport[22m | 三花猫 1-上方 · 前进.png[39m[0m
[  71% ] [90m[1mreimport[22m | 三花猫 1-上方 · 待机.png[39m[0m
[  71% ] [90m[1mreimport[22m | 三花猫 1-下方 · 前进.png[39m[0m
[  72% ] [90m[1mreimport[22m | 三花猫 1-下方 · 待机.png[39m[0m
[  72% ] [90m[1mreimport[22m | 三花猫 1-侧面 · 产毛.png[39m[0m
[  73% ] [90m[1mreimport[22m | 三花猫 1-侧面 · 前进.png[39m[0m
[  73% ] [90m[1mreimport[22m | 三花猫 1-侧面 · 坐下舔爪.png[39m[0m
[  73% ] [90m[1mreimport[22m | 三花猫 1-侧面 · 待机.png[39m[0m
[  74% ] [90m[1mreimport[22m | 三花猫 1-侧面 · 被抚摸.png[39m[0m
[  74% ] [90m[1mreimport[22m | 017.png[39m[0m
[  75% ] [90m[1mreimport[22m | 018.png[39m[0m
[  75% ] [90m[1mreimport[22m | 019.png[39m[0m
[  75% ] [90m[1mreimport[22m | 020.png[39m[0m
[  76% ] [90m[1mreimport[22m | 001.png[39m[0m
[  76% ] [90m[1mreimport[22m | 002.png[39m[0m
[  77% ] [90m[1mreimport[22m | 003.png[39m[0m
[  77% ] [90m[1mreimport[22m | 004.png[39m[0m
[  77% ] [90m[1mreimport[22m | 005.png[39m[0m
[  78% ] [90m[1mreimport[22m | 006.png[39m[0m
[  78% ] [90m[1mreimport[22m | 007.png[39m[0m
[  78% ] [90m[1mreimport[22m | 008.png[39m[0m
[  79% ] [90m[1mreimport[22m | 009.png[39m[0m
[  79% ] [90m[1mreimport[22m | 010.png[39m[0m
[  80% ] [90m[1mreimport[22m | 011.png[39m[0m
[  80% ] [90m[1mreimport[22m | 012.png[39m[0m
[  80% ] [90m[1mreimport[22m | 013.png[39m[0m
[  81% ] [90m[1mreimport[22m | 014.png[39m[0m
[  81% ] [90m[1mreimport[22m | 001.png[39m[0m
[  82% ] [90m[1mreimport[22m | 002.png[39m[0m
[  82% ] [90m[1mreimport[22m | 003.png[39m[0m
[  82% ] [90m[1mreimport[22m | 004.png[39m[0m
[  83% ] [90m[1mreimport[22m | 005.png[39m[0m
[  83% ] [90m[1mreimport[22m | 006.png[39m[0m
[  84% ] [90m[1mreimport[22m | 007.png[39m[0m
[  84% ] [90m[1mreimport[22m | 008.png[39m[0m
[  84% ] [90m[1mreimport[22m | 009.png[39m[0m
[  85% ] [90m[1mreimport[22m | 010.png[39m[0m
[  85% ] [90m[1mreimport[22m | 001.png[39m[0m
[  85% ] [90m[1mreimport[22m | 002.png[39m[0m
[  86% ] [90m[1mreimport[22m | 003.png[39m[0m
[  86% ] [90m[1mreimport[22m | 004.png[39m[0m
[  87% ] [90m[1mreimport[22m | 004.png[39m[0m
[  87% ] [90m[1mreimport[22m | 005.png[39m[0m
[  87% ] [90m[1mreimport[22m | 006.png[39m[0m
[  88% ] [90m[1mreimport[22m | 007.png[39m[0m
[  88% ] [90m[1mreimport[22m | 008.png[39m[0m
[  89% ] [90m[1mreimport[22m | 009.png[39m[0m
[  89% ] [90m[1mreimport[22m | 010.png[39m[0m
[  89% ] [90m[1mreimport[22m | 静电猫-上方 · 前进.png[39m[0m
[  90% ] [90m[1mreimport[22m | 静电猫-上方 · 待机.png[39m[0m
[  90% ] [90m[1mreimport[22m | 静电猫-下方 · 前进.png[39m[0m
[  91% ] [90m[1mreimport[22m | 静电猫-下方 · 待机.png[39m[0m
[  91% ] [90m[1mreimport[22m | 静电猫-侧面 · 产毛.png[39m[0m
[  91% ] [90m[1mreimport[22m | 静电猫-侧面 · 前进.png[39m[0m
[  92% ] [90m[1mreimport[22m | 静电猫-侧面 · 待机.png[39m[0m
[  92% ] [90m[1mreimport[22m | 静电猫-侧面 · 被抚摸.png[39m[0m
[  92% ] [90m[1mreimport[22m | 静电猫-侧面.休息.png[39m[0m
[  93% ] [90m[1mreimport[22m | 001.png[39m[0m
[  93% ] [90m[1mreimport[22m | 002.png[39m[0m
[  94% ] [90m[1mreimport[22m | 003.png[39m[0m
[  94% ] [90m[1mreimport[22m | 004.png[39m[0m
[  94% ] [90m[1mreimport[22m | 005.png[39m[0m
[  95% ] [90m[1mreimport[22m | 006.png[39m[0m
[  95% ] [90m[1mreimport[22m | 007.png[39m[0m
[  96% ] [90m[1mreimport[22m | 008.png[39m[0m
[  96% ] [90m[1mreimport[22m | 009.png[39m[0m
[  96% ] [90m[1mreimport[22m | 010.png[39m[0m
[  97% ] [90m[1mreimport[22m | 011.png[39m[0m
[  97% ] [90m[1mreimport[22m | 012.png[39m[0m
[  98% ] [90m[1mreimport[22m | 013.png[39m[0m
[  98% ] [90m[1mreimport[22m | 014.png[39m[0m
[  98% ] [90m[1mreimport[22m | 015.png[39m[0m
[  99% ] [90m[1mreimport[22m | 016.png[39m[0m
[  99% ] [90m[1mreimport[22m | 正在结束资产导入……[39m[0m
[92m[ DONE ][39m [1mreimport[22m
[0m
[   0% ] [90m[1mreimport[22m | Started 正在导入或重新导入资产 (256 steps)[39m[0m
[   0% ] [90m[1mreimport[22m | 正在执行重新导入的后置操作……[39m[0m
[92m[ DONE ][39m [1mreimport[22m
[0m
[   0% ] [90m[1mloading_editor_layout[22m | Started 正在加载编辑器 (5 steps)[39m[0m
[   0% ] [90m[1mloading_editor_layout[22m | 正在加载编辑器布局……[39m[0m
[  16% ] [90m[1mloading_editor_layout[22m | 正在加载停靠面板……[39m[0m
[92m[ DONE ][39m [1mloading_editor_layout[22m
[0m
